[8977][1547][2473][5136][1529][6803][8912][4531][6209][2174]
[4488][773][1236][2568][764][3401][4456][2265][3104][1087]
[6552][8479][3777][6611][73][450][5249][640][6811][3379][4129][6500][529][3234][9093][3728][6108][6987][257][8700][8515][9687][6437][1432][5562][3237][9828][7825][3119][9168]
[3276][4239][1888][3305][36][225][2624][320][3405][1689][2064][3250][264][1617][4546][1864][3054][3493][128][4350][4257][4843][3218][716][2781][1618][4914][3912][1559][4584]
[2801][8045][8825][7893][826][1677][5082][5830][3509][4690][4069][3882][1001][9368][6065][6471][8603][3085][6353][1253][2920][5114][3942][9259][1193][2913][3656][9188][9884][995][7597][766][3657][8140][8335][4808][347][4565][8061][4914][3604][3276][4239][1888][3305][36][225][2624][320][3405][1689][2064][3250][264][1617][4546][1864][3054][3493][128][4350][4257][4843][3218][716][2781][1618][4914][3912][1559][4584]
[8045][8825][5830][4690][6065][3085][2920][995][8140][8335][4565][3305][225][320][3405][3250][4350]
[4739][4069][4523][4702][8292][9838][7621][4648][5818][3352][7331][8684][8234][3002][5863][9379][3029][6838][6878][1713][2629][4980][5679][7361][6][449][7311][1774][1122][3194][9811][8108][4510][2695][9451][541][8045][8825][5830][4690][6065][3085][2920][995][8140][8335][4565][3305][225][320][3405][3250][4350]
[4980][4510][2695][8045][8825][5830][4690][6065][3085][2920][995][8140][8335][4565][3305][225][320][3405][3250][4350]
[4132][5836][6886][1939][1740][4933][5126][1725][5845][4144][5905][682][7647][617][8063][3332][6128][1425][379][1379][6034][798][1667][2926][1205][5461][477][9887][8147][2702][1079][4292][4776][199][3548][5191][1923][6410][2486][5450][7822][8298][262][7183][1656][1142][6302][5096][2844][9100][5202][7919][2202][1004][2544][5446][7650][3081][1555][8456][3916][3949][4765][5739][6671][9644][2538][9984][951][7792][7968][2763][4649][5660][7191][3497][718][5498][2108][8019][1268][5212][7272][2479][7968][2998][2025][8767][4943][6847][971][197][1340][2163][8594][9011][3856][3128][4488][773][1236][2568][764][3401][4456][2265][3104][1087]
[2066][2918][3443][969][870][2466][2563][862][2922][2072][2952][341][3823][308][4031][1666][3064][712][189][689][3017][399][833][1463][602][2730][238][4943][4073][1351][539][2146][2388][99][1774][2595][961][3205][1243][2725][3911][4149][131][3591][828][571][3151][2548][1422][4550][2601][3959][1101][502][1272][2723][3825][1540][777][4228][1958][1974][2382][2869][3335][4822][1269][4992][475][3896][3984][1381][2324][2830][3595][1748][359][2749][1054][4009][634][2606][3636][1239][3984][1499][1012][4383][2471][3423][485][98][670][1081][4297][4505][1928][1564][2244][386][618][1284][382][1700][2228][1132][1552][543]
[2046][4247][6690][541][4881][9466][2152][312][5343][666][9725][5531][3680][4980][4510][2695][8045][8825][5830][4690][6065][3085][2920][995][8140][8335][4565][3305][225][320][3405][3250][4350]
[6690][9725][3680][4980][4510][2695][8045][8825][5830][4690][6065][3085][2920][995][8140][8335][4565][3305][225][320][3405][3250][4350]
[9997][9907][2168][2098][7425][9655][7429][9052][303][219][4296][1628][4391][7466][9830][9041][5270][3694][2422][7210][7443][4075][6998][9873][5533][6632][1294][5019][3490][123][1649][3808][1075][1786][2070][9117][6306][7000][9579][6465][555][9431][5424][646][8264][9421][6231][6603][5409][6486][8929][3623][714][6612][4972][7675][9261][5769][9628][1377][6977][7268][7764][4734][6433][8634][5594][6204][4287][5416][4936][5880][8606][9922][3825][7667][2516][8100][1815][8315][6690][9725][3680][4980][4510][2695][8045][8825][5830][4690][6065][3085][2920][995][8140][8335][4565][3305][225][320][3405][3250][4350]
[4998][4953][1084][1049][3712][4827][3714][4526][151][109][2148][814][2195][3733][4915][4520][2635][1847][1211][3605][3721][2037][3499][4936][2766][3316][647][2509][1745][61][824][1904][537][893][1035][4558][3153][3500][4789][3232][277][4715][2712][323][4132][4710][3115][3301][2704][3243][4464][1811][357][3306][2486][3837][4630][2884][4814][688][3488][3634][3882][2367][3216][4317][2797][3102][2143][2708][2468][2940][4303][4961][1912][3833][1258][4050][907][4157][3345][4862][1840][2490][2255][1347][4022][4412][2915][2345][3032][1542][1460][497][4070][4167][2282][1652][112][160][1702][1625][2175]
[3083][4004][9862][8837][4416][4249][3276][9156][8756][8581][5719][7670][1132][191][320][1606][5574][3362][1933][7940][7049][3583][6514][4933][3287][9929][570][3297][340][711][8176][6151][4386][8714][3630][4608][6516][5410][6622][6298][5657][479][7171][3919][9303][26][3221][2944][5660][1667][7554][9358][3973][3454][3145][5343][5845][1315][5069][2602][3360][796][8388][3719][5858][3781][7474][5690][5885][5877][7282][6561][1686][3131][1909][1120][9019][8331][8574][5807][3756][5841][2461][4102][8299][899][1521][4479][4073][8906][8506][789][4114][9755][5851][5108][9957][5755][2275][9180][2243][9186][808][5867][4152][8824][2359][9217][7689][9513][4150][7376][2695][6887][2066][2918][3443][969][870][2466][2563][862][2922][2072][2952][341][3823][308][4031][1666][3064][712][189][689][3017][399][833][1463][602][2730][238][4943][4073][1351][539][2146][2388][99][1774][2595][961][3205][1243][2725][3911][4149][131][3591][828][571][3151][2548][1422][4550][2601][3959][1101][502][1272][2723][3825][1540][777][4228][1958][1974][2382][2869][3335][4822][1269][4992][475][3896][3984][1381][2324][2830][3595][1748][359][2749][1054][4009][634][2606][3636][1239][3984][1499][1012][4383][2471][3423][485][98][670][1081][4297][4505][1928][1564][2244][386][618][1284][382][1700][2228][1132][1552][543]
[7670][320][7940][570][340][3630][5410][5660][3145][5845][1315][3360][5690][5885][1120][9755][5755][2275][9180][4150][2695][870][2730][2595][3205][2725][4550][3825][1540][3335][475][2830][3595][485][670][4505][1700]
[8004][3113][409][1558][311][2454][8814][2430][8693][5053][3025][7407][7769][621][4511][6789][6340][6262][3365][6359][4572][1083][5995][9623][6054][8089][8960][5459][4664][7687][5047][331][6554][7451][7021][6574][7570][2928][5223][6108][7411][8332][2676][6332][6210][3781][2185][4322][1101][8954][414][9772][7862][357][3724][7309][7785][237][1652][649][9790][2362][2881][7957][8344][4662][9562][804][6571][7670][320][7940][570][340][3630][5410][5660][3145][5845][1315][3360][5690][5885][1120][9755][5755][2275][9180][4150][2695][870][2730][2595][3205][2725][4550][3825][1540][3335][475][2830][3595][485][670][4505][1700]
[2430][3025][6340][3365][5995][8960][7570][6210][2185][7785][9790][7670][320][7940][570][340][3630][5410][5660][3145][5845][1315][3360][5690][5885][1120][9755][5755][2275][9180][4150][2695][870][2730][2595][3205][2725][4550][3825][1540][3335][475][2830][3595][485][670][4505][1700]
[6594][1717][7662][2101][5122][2848][4765][5259][1878][3716][4253][4324][7183][2430][3025][6340][3365][5995][8960][7570][6210][2185][7785][9790][7670][320][7940][570][340][3630][5410][5660][3145][5845][1315][3360][5690][5885][1120][9755][5755][2275][9180][4150][2695][870][2730][2595][3205][2725][4550][3825][1540][3335][475][2830][3595][485][670][4505][1700]
[3297][858][3831][1050][2561][1424][2382][2629][939][1858][2126][2162][3591][1215][1512][3170][1682][2997][4480][3785][3105][1092][3892][4895][3835][160][3970][285][170][1815][2705][2830][1572][2922][657][1680][2845][2942][560][4877][2877][1137][4590][2075][1347][435][1365][1297][1602][1362][2275][1912][770][1667][237][1415][1797][242][335][2252][850]
[4831][9959][3297][858][3831][1050][2561][1424][2382][2629][939][1858][2126][2162][3591][1215][1512][3170][1682][2997][4480][3785][3105][1092][3892][4895][3835][160][3970][285][170][1815][2705][2830][1572][2922][657][1680][2845][2942][560][4877][2877][1137][4590][2075][1347][435][1365][1297][1602][1362][2275][1912][770][1667][237][1415][1797][242][335][2252][850]
[2415][4979][1648][429][1915][525][1280][712][1191][1314][469][929][1063][1081][1795][607][756][1585][841][1498][2240][1892][1552][546][1946][2447][1917][80][1985][142][85][907][1352][1415][786][1461][328][840][1422][1471][280][2438][1438][568][2295][1037][673][217][682][648][801][681][1137][956][385][833][118][707][898][121][167][1126][425]
[3678][114][2446][9705][7839][6208][5553][3725][1074][9645][7067][2415][4979][1648][429][1915][525][1280][712][1191][1314][469][929][1063][1081][1795][607][756][1585][841][1498][2240][1892][1552][546][1946][2447][1917][80][1985][142][85][907][1352][1415][786][1461][328][840][1422][1471][280][2438][1438][568][2295][1037][673][217][682][648][801][681][1137][956][385][833][118][707][898][121][167][1126][425]
[1839][57][1223][4852][3919][3104][2776][1862][537][4822][3533][1207][2489][824][214][957][262][640][356][595][657][234][464][531][540][897][303][378][792][420][749][1120][946][776][273][973][1223][958][40][992][71][42][453][676][707][393][730][164][420][711][735][140][1219][719][284][1147][518][336][108][341][324][400][340][568][478][192][416][59][353][449][60][83][563][212]
[8680][8232][340][7146][1563][2750][1843][9610][1275][6143][6937][9264][4052][1399][9309][8426][2872][306][7987][5948][8636][5210][3264][4594][3021][8152][5282][9684][8625][9105][7081][5904][2524][6057][2395][2898][608][1107][5416][1891][7157][7333][4351][4356][186][4725][2393][6513][7180][4287][8411][6508][8503][3526][4201][6062][8999][1934][9726][4949][4162][5747][7861][8176][7286][5114][5873][4469][9517][2633][9173][6423][35][1643][9259][1632][9206][3120][7138][9995][1248][9][4712][6892][71][1373][9466][9054][1642][1012][7376][9459][7654][9849][3735][3956][2173][1991][2597][8560][3634][9810][8334][6725][9826][90][5687][9702][3109][1584][1781][2017][9291][2462][6960][1171][805][2917][6003][4271][6028][8587][1231][4019][9260][97][2430][3026][5965][791][1607][2066][2300][5160][8077][9578][7190][2373][6599][1916][880][5503][949][1225][5438][117][3996][5307][687][9534][75][1858][8326][5870][9856][5107][5279][1201][6393][3388][7556][5225][6201][7945][3431][7653][1652][825][270][7438][4080][3104][5567][8485][4763][141][8995][8491][6508][552][8290][1300][5637][1205][7901][4418][4998][4953][1084][1049][3712][4827][3714][4526][151][109][2148][814][2195][3733][4915][4520][2635][1847][1211][3605][3721][2037][3499][4936][2766][3316][647][2509][1745][61][824][1904][537][893][1035][4558][3153][3500][4789][3232][277][4715][2712][323][4132][4710][3115][3301][2704][3243][4464][1811][357][3306][2486][3837][4630][2884][4814][688][3488][3634][3882][2367][3216][4317][2797][3102][2143][2708][2468][2940][4303][4961][1912][3833][1258][4050][907][4157][3345][4862][1840][2490][2255][1347][4022][4412][2915][2345][3032][1542][1460][497][4070][4167][2282][1652][112][160][1702][1625][2175]
[4340][4116][170][3573][781][1375][921][4805][637][3071][3468][4632][2026][699][4654][4213][1436][153][3993][2974][4318][2605][1632][2297][1510][4076][2641][4842][4312][4552][3540][2952][1262][3028][1197][1449][304][553][2708][945][3578][3666][2175][2178][93][2362][1196][3256][3590][2143][4205][3254][4251][1763][2100][3031][4499][967][4863][2474][2081][2873][3930][4088][3643][2557][2936][2234][4758][1316][4586][3211][17][821][4629][816][4603][1560][3569][4997][624][4][2356][3446][35][686][4733][4527][821][506][3688][4729][3827][4924][1867][1978][1086][995][1298][4280][1817][4905][4167][3362][4913][45][2843][4851][1554][792][890][1008][4645][1231][3480][585][402][1458][3001][2135][3014][4293][615][2009][4630][48][1215][1513][2982][395][803][1033][1150][2580][4038][4789][3595][1186][3299][958][440][2751][474][612][2719][58][1998][2653][343][4767][37][929][4163][2935][4928][2553][2639][600][3196][1694][3778][2612][3100][3972][1715][3826][826][412][135][3719][2040][1552][2783][4242][2381][70][4497][4245][3254][276][4145][650][2818][602][3950][2209][2499][2476][542][524][1856][2413][1857][2263][75][54][1074][407][1097][1866][2457][2260][1317][923][605][1802][1860][1018][1749][2468][1383][1658][323][1254][872][30][412][952][268][446][517][2279][1576][1750][2394][1616][138][2357][1356][161][2066][2355][1557][1650][1352][1621][2232][905][178][1653][1243][1918][2315][1442][2407][344][1744][1817][1941][1183][1608][2158][1398][1551][1071][1354][1234][1470][2151][2480][956][1916][629][2025][453][2078][1672][2431][920][1245][1127][673][2011][2206][1457][1172][1516][771][730][248][2035][2083][1141][826][56][80][851][812][1087]
[1692][2967][7555][4340][4116][170][3573][781][1375][921][4805][637][3071][3468][4632][2026][699][4654][4213][1436][153][3993][2974][4318][2605][1632][2297][1510][4076][2641][4842][4312][4552][3540][2952][1262][3028][1197][1449][304][553][2708][945][3578][3666][2175][2178][93][2362][1196][3256][3590][2143][4205][3254][4251][1763][2100][3031][4499][967][4863][2474][2081][2873][3930][4088][3643][2557][2936][2234][4758][1316][4586][3211][17][821][4629][816][4603][1560][3569][4997][624][4][2356][3446][35][686][4733][4527][821][506][3688][4729][3827][4924][1867][1978][1086][995][1298][4280][1817][4905][4167][3362][4913][45][2843][4851][1554][792][890][1008][4645][1231][3480][585][402][1458][3001][2135][3014][4293][615][2009][4630][48][1215][1513][2982][395][803][1033][1150][2580][4038][4789][3595][1186][3299][958][440][2751][474][612][2719][58][1998][2653][343][4767][37][929][4163][2935][4928][2553][2639][600][3196][1694][3778][2612][3100][3972][1715][3826][826][412][135][3719][2040][1552][2783][4242][2381][70][4497][4245][3254][276][4145][650][2818][602][3950][2209][2499][2476][542][524][1856][2413][1857][2263][75][54][1074][407][1097][1866][2457][2260][1317][923][605][1802][1860][1018][1749][2468][1383][1658][323][1254][872][30][412][952][268][446][517][2279][1576][1750][2394][1616][138][2357][1356][161][2066][2355][1557][1650][1352][1621][2232][905][178][1653][1243][1918][2315][1442][2407][344][1744][1817][1941][1183][1608][2158][1398][1551][1071][1354][1234][1470][2151][2480][956][1916][629][2025][453][2078][1672][2431][920][1245][1127][673][2011][2206][1457][1172][1516][771][730][248][2035][2083][1141][826][56][80][851][812][1087]
[7555][4340][170][1375][4805][2605][1510][3540][945][2175][3590][4205][2100][3930][1560][35][995][4280][4905][45][890][4645][3480][585][2135][615][4630][1215][395][1150][2580][3595][440][2935][600][3100][1715][135][2040][70][4245][4145][650][3950][75][2260][605][1860][30][1750][2355][1650][905][2315][1470][2480][2025][920][1245][730][2035][80]
[4569][7555][4340][170][1375][4805][2605][1510][3540][945][2175][3590][4205][2100][3930][1560][35][995][4280][4905][45][890][4645][3480][585][2135][615][4630][1215][395][1150][2580][3595][440][2935][600][3100][1715][135][2040][70][4245][4145][650][3950][75][2260][605][1860][30][1750][2355][1650][905][2315][1470][2480][2025][920][1245][730][2035][80]
[7555][4340][170][1375][4805][2605][1510][3540][945][2175][3590][4205][2100][3930][1560][35][995][4280][4905][45][890][4645][3480][585][2135][615][4630][1215][395][1150][2580][3595][440][2935][600][3100][1715][135][2040][70][4245][4145][650][3950][75][2260][605][1860][30][1750][2355][1650][905][2315][1470][2480][2025][920][1245][730][2035][80]
[6961][4885][3969][8343][6128][414][3834][7555][4340][170][1375][4805][2605][1510][3540][945][2175][3590][4205][2100][3930][1560][35][995][4280][4905][45][890][4645][3480][585][2135][615][4630][1215][395][1150][2580][3595][440][2935][600][3100][1715][135][2040][70][4245][4145][650][3950][75][2260][605][1860][30][1750][2355][1650][905][2315][1470][2480][2025][920][1245][730][2035][80]
[3480][2442][1984][4171][3064][207][1917][3777][2170][85][687][2402][1302][755][1770][472][1087][1795][2102][1050][1965][780][17][497][2140][2452][22][445][2322][1740][292][1067][307][2315][607][197][575][1290][1797][220][1467][300][1550][857][67][1020][35][2122][2072][325][1975][37][1130][302][930][15][875][1177][825][452][1157][735][1240][1012][460][622][365][1017][40]
[7962][4739][3194][7206][4148][6723][2374][5932][7199][7454][6152][8255][823][3319][8013][9376][9416][7903][8547][4164][185][5050][4996][318][6178][8632][9390][672][5720][9637][2807][5292][3968][2087][8764][5636][4871][1438][6917][8800][6589][4628][3852][3397][5534][8511][5271][2880][9653][129][3981][1403][7979][6884][720][4695][3315][3443][6311][5448][4354][4096][5489][8522][3480][2442][1984][4171][3064][207][1917][3777][2170][85][687][2402][1302][755][1770][472][1087][1795][2102][1050][1965][780][17][497][2140][2452][22][445][2322][1740][292][1067][307][2315][607][197][575][1290][1797][220][1467][300][1550][857][67][1020][35][2122][2072][325][1975][37][1130][302][930][15][875][1177][825][452][1157][735][1240][1012][460][622][365][1017][40]
[3981][2369][1597][3603][2074][3361][1187][2966][3599][3727][3076][4127][411][1659][4006][4688][4708][3951][4273][2082][92][2525][2498][159][3089][4316][4695][336][2860][4818][1403][2646][1984][1043][4382][2818][2435][719][3458][4400][3294][2314][1926][1698][2767][4255][2635][1440][4826][64][1990][701][3989][3442][360][2347][1657][1721][3155][2724][2177][2048][2744][4261][1740][1221][992][2085][1532][103][958][1888][1085][42][343][1201][651][377][885][236][543][897][1051][525][982][390][8][248][1070][1226][11][222][1161][870][146][533][153][1157][303][98][287][645][898][110][733][150][775][428][33][510][17][1061][1036][162][987][18][565][151][465][7][437][588][412][226][578][367][620][506][230][311][182][508][20]
[9276][2466][43][1487][7777][2690][7480][2163][6427][7280][5105][7472][239][7792][5260][7338][7706][5121][2006][7750][58][5331][731][3063][2866][823][7780][7674][9136][1262][6677][6375][471][5460][283][3457][6286][5308][7309][252][9334][7099][3121][7469][9718][9595][2839][4988][3815][8256][1768][6607][2767][5640][1851][2712][613][4020][302][1782][4839][1849][8003][8282][6945][2120][1783][4817][4920][1441][432][3651][5156][7316][3609][7035][2769][3707][5966][377][9927][5051][3356][4939][6751][8892][9989][8176][3788][1865][4435][4691][2383][4673][6539][2451][8345][9604][1696][3871][3829][1552][4520][9092][9782][5022][4144][2363][9959][9243][8100][8086][5631][7534][8087][3476][9346][8316][6415][741][5542][8218][9909][3157][5505][1950][1255][9716][1174][279][4953][5044][5865][1839][57][1223][4852][3919][3104][2776][1862][537][4822][3533][1207][2489][824][214][957][262][640][356][595][657][234][464][531][540][897][303][378][792][420][749][1120][946][776][273][973][1223][958][40][992][71][42][453][676][707][393][730][164][420][711][735][140][1219][719][284][1147][518][336][108][341][324][400][340][568][478][192][416][59][353][449][60][83][563][212]
[2690][7480][7280][5105][5260][7750][7780][6375][5460][9595][3815][5640][4020][6945][2120][4920][7035][1865][4435][8345][4520][8100][6415][5505][1950][1255][5865][640][595][540][420][1120][40][730][420][735][140][400][340][60]
[8791][9514][6510][3649][407][7531][25][6726][5559][4482][3954][6959][889][5288][968][3000][9993][2858][1981][7332][1482][133][1619][3026][1246][5444][5388][1082][9040][5999][9624][5873][6349][8372][6456][2220][3689][5662][9824][3981][2369][1597][3603][2074][3361][1187][2966][3599][3727][3076][4127][411][1659][4006][4688][4708][3951][4273][2082][92][2525][2498][159][3089][4316][4695][336][2860][4818][1403][2646][1984][1043][4382][2818][2435][719][3458][4400][3294][2314][1926][1698][2767][4255][2635][1440][4826][64][1990][701][3989][3442][360][2347][1657][1721][3155][2724][2177][2048][2744][4261][1740][1221][992][2085][1532][103][958][1888][1085][42][343][1201][651][377][885][236][543][897][1051][525][982][390][8][248][1070][1226][11][222][1161][870][146][533][153][1157][303][98][287][645][898][110][733][150][775][428][33][510][17][1061][1036][162][987][18][565][151][465][7][437][588][412][226][578][367][620][506][230][311][182][508][20]
[2373][3597][2896][4812][3886][5432][2335][3745][9463][4178][2789][2598][9733][2194][6450][7145][613][4572][3837][3953][6814][6579][9213][156][4704][7054][2768][6113][6931][5149][2379][6628][9847][6351][2690][7480][7280][5105][5260][7750][7780][6375][5460][9595][3815][5640][4020][6945][2120][4920][7035][1865][4435][8345][4520][8100][6415][5505][1950][1255][5865][640][595][540][420][1120][40][730][420][735][140][400][340][60]
[2335][3745][6450][7145][2690][7480][7280][5105][5260][7750][7780][6375][5460][9595][3815][5640][4020][6945][2120][4920][7035][1865][4435][8345][4520][8100][6415][5505][1950][1255][5865][640][595][540][420][1120][40][730][420][735][140][400][340][60]
[8567][8667][1918][3626][631][1894][5364][526][5481][7821][3569][4186][3805][2335][3745][6450][7145][2690][7480][7280][5105][5260][7750][7780][6375][5460][9595][3815][5640][4020][6945][2120][4920][7035][1865][4435][8345][4520][8100][6415][5505][1950][1255][5865][640][595][540][420][1120][40][730][420][735][140][400][340][60]
[3805][2335][3745][6450][7145][2690][7480][7280][5105][5260][7750][7780][6375][5460][9595][3815][5640][4020][6945][2120][4920][7035][1865][4435][8345][4520][8100][6415][5505][1950][1255][5865][640][595][540][420][1120][40][730][420][735][140][400][340][60]
[1295][563][1444][3805][2335][3745][6450][7145][2690][7480][7280][5105][5260][7750][7780][6375][5460][9595][3815][5640][4020][6945][2120][4920][7035][1865][4435][8345][4520][8100][6415][5505][1950][1255][5865][640][595][540][420][1120][40][730][420][735][140][400][340][60]
