[4141][6992][16][68][4179][5978][8864][1431]
[4141][16][4179][8864]
[2552][8312][5781][4746][620][8028][4532][9302][5814][8426][7444][2469][7931][4396][3855][6299][3538][8406][1719][6167][3580][2826][9387][3196][9333][1253][2041][3863]
[2552][5781][620][4532][5814][7444][7931][3855][3538][1719][3580][9387][9333][2041]
[534][6428][9525][6040][7938][4898][6852][7948][1716][143][7290][8563][5957][7823][5656][7118][4108][6807][4452][8321][2552][5781][620][4532][5814][7444][7931][3855][3538][1719][3580][9387][9333][2041]
[267][3214][4762][3020][3969][2449][3426][3974][858][71][3645][4281][2978][3911][2828][3559][2054][3403][2226][4160][1276][2890][310][2266][2907][3722][3965][1927][1769][859][1790][4693][4666][1020]
[5145][9806][105][5121][742][783][7014][284][9844][4506][4096][9802][6709][4669][8761][6000][6081][5921][5542][477][14][8556][8096][7226][6021][4076][6286][2909][5581][9587][7807][1361][3631][4910][5026][8260][2180][77][267][3214][4762][3020][3969][2449][3426][3974][858][71][3645][4281][2978][3911][2828][3559][2054][3403][2226][4160][1276][2890][310][2266][2907][3722][3965][1927][1769][859][1790][4693][4666][1020]
[5145][105][742][7014][9844][4096][6709][8761][6000][5921][477][8556][7226][4076][2909][9587][1361][4910][8260][2180][267][4762][3020][2449][3974][71][3645][2978][2828][2054][2226][4160][2890][310][2907][3965][1769][1790][4666][1020]
[6849][5085][1132][3380][8402][7310][5904][6409][2128][4027][5316][1711][3248][8811][5777][6023][2536][8711][3213][8697][5514][9159][9371][8102][8654][8170][3811][9157][1397][6898][52][5958][9004][1465][6651][7055][9260][7689][168][578][440][2306][3075][3548][5716][2422][5241][2287][6765][7882][3956][885][6185][4315][1455][2698][2283][7651][447][545][3290][7767][3790][591][2438][2311][8595][620][814][7874][1093][6912][1749][1301][3827][8939][3476][2182][7276][5889][6757][6435][6464][5201][5777][4141][16][4179][8864]
[3424][2542][566][1690][4201][3655][2952][3204][1064][2013][2658][855][1624][4405][2888][3011][1268][4355][1606][4348][2757][4579][4685][4051][4327][4085][1905][4578][698][3449][26][2979][4502][732][3325][3527][4630][3844][84][289][220][1153][1537][1774][2858][1211][2620][1143][3382][3941][1978][442][3092][2157][727][1349][1141][3825][223][272][1645][3883][1895][295][1219][1155][4297][310][407][3937][546][3456][874][650][1913][4469][1738][1091][3638][2944][3378][3217][3232][2600][2888][2070][8][2089][4432]
[5272][7294][4770][5653][4466][12][4845][569][7631][8836][9441][425][7920][3374][3915][1484][2875][5583][7088][2717][8925][7823][1577][9142][947][4176][3306][7485][3424][2542][566][1690][4201][3655][2952][3204][1064][2013][2658][855][1624][4405][2888][3011][1268][4355][1606][4348][2757][4579][4685][4051][4327][4085][1905][4578][698][3449][26][2979][4502][732][3325][3527][4630][3844][84][289][220][1153][1537][1774][2858][1211][2620][1143][3382][3941][1978][442][3092][2157][727][1349][1141][3825][223][272][1645][3883][1895][295][1219][1155][4297][310][407][3937][546][3456][874][650][1913][4469][1738][1091][3638][2944][3378][3217][3232][2600][2888][2070][8][2089][4432]
[2636][3647][2385][2826][2233][6][2422][284][3815][4418][4720][212][3960][1687][1957][742][1437][2791][3544][1358][4462][3911][788][4571][473][2088][1653][3742][1712][1271][283][845][2100][1827][1476][1602][532][1006][1329][427][812][2202][1444][1505][634][2177][803][2174][1378][2289][2342][2025][2163][2042][952][2289][349][1724][13][1489][2251][366][1662][1763][2315][1922][42][144][110][576][768][887][1429][605][1310][571][1691][1970][989][221][1546][1078][363][674][570][1912][111][136][822][1941][947][147][609][577][2148][155][203][1968][273][1728][437][325][956][2234][869][545][1819][1472][1689][1608][1616][1300][1444][1035][4][1044][2216]
[5472][56][2022][6638][2017][8311][4242][3649][8804][7376][5547][1107][4500][2636][3647][2385][2826][2233][6][2422][284][3815][4418][4720][212][3960][1687][1957][742][1437][2791][3544][1358][4462][3911][788][4571][473][2088][1653][3742][1712][1271][283][845][2100][1827][1476][1602][532][1006][1329][427][812][2202][1444][1505][634][2177][803][2174][1378][2289][2342][2025][2163][2042][952][2289][349][1724][13][1489][2251][366][1662][1763][2315][1922][42][144][110][576][768][887][1429][605][1310][571][1691][1970][989][221][1546][1078][363][674][570][1912][111][136][822][1941][947][147][609][577][2148][155][203][1968][273][1728][437][325][956][2234][869][545][1819][1472][1689][1608][1616][1300][1444][1035][4][1044][2216]
[5472][2022][2017][4242][8804][5547][4500][3647][2385][2233][2422][3815][4720][3960][1957][1437][3544][4462][788][473][1653][1712][283][845][2100][1476][532][1329][812][1444][1505][2177][2174][2289][2025][2042][2289][1724][1489][366][1763][2315][42][110][768][1429][605][1310][1691][1970][221][1078][674][570][111][822][947][609][2148][155][1968][1728][325][2234][545][1472][1608][1300][1035][1044]
[8909][5624][188][5873][4466][268][4926][9940][9078][8749][3643][5336][6239][4494][9774][5142][8492][2314][163][3158][4313][4669][8380][5994][6440][3588][5703][9159][833][17][4931][4424][5059][3075][7664][4015][4601][2917][7936][8420][619][5400][4918][8003][535][8685][7330][5970][3098][5145][105][742][7014][9844][4096][6709][8761][6000][5921][477][8556][7226][4076][2909][9587][1361][4910][8260][2180][267][4762][3020][2449][3974][71][3645][2978][2828][2054][2226][4160][2890][310][2907][3965][1769][1790][4666][1020]
[4454][2812][94][2936][2233][134][2463][4970][4539][4374][1821][2668][3119][2247][4887][2571][4246][1157][81][1579][2156][2334][4190][2997][3220][1794][2851][4579][416][8][2465][2212][2529][1537][3832][2007][2300][1458][3968][4210][309][2700][2459][4001][267][4342][3665][2985][1549][2572][52][371][3507][4922][2048][3354][4380][3000][2960][238][4278][3613][2038][1454][4793][680][2455][4130][1090][133][2381][1510][1224][1987][35][1822][1489][1414][1027][1113][2080][1445][155][1453][1982][884][895][2333][510]
[115][1876][8695][4049][5138][9232][5274][4184][806][3958][5227][3797][3752][4454][2812][94][2936][2233][134][2463][4970][4539][4374][1821][2668][3119][2247][4887][2571][4246][1157][81][1579][2156][2334][4190][2997][3220][1794][2851][4579][416][8][2465][2212][2529][1537][3832][2007][2300][1458][3968][4210][309][2700][2459][4001][267][4342][3665][2985][1549][2572][52][371][3507][4922][2048][3354][4380][3000][2960][238][4278][3613][2038][1454][4793][680][2455][4130][1090][133][2381][1510][1224][1987][35][1822][1489][1414][1027][1113][2080][1445][155][1453][1982][884][895][2333][510]
[57][938][4347][2024][2569][4616][2637][2092][403][1979][2613][1898][1876][2227][1406][47][1468][1116][67][1231][2485][2269][2187][910][1334][1559][1123][2443][1285][2123][578][40][789][1078][1167][2095][1498][1610][897][1425][2289][208][4][1232][1106][1264][768][1916][1003][1150][729][1984][2105][154][1350][1229][2000][133][2171][1832][1492][774][1286][26][185][1753][2461][1024][1677][2190][1500][1480][119][2139][1806][1019][727][2396][340][1227][2065][545][66][1190][755][612][993][17][911][744][707][513][556][1040][722][77][726][991][442][447][1166][255]
[7747][3310][5371][2125][7287][237][1049][3380][1837][9758][1098][7710][4036][7809][1497][2482][3947][3135][57][938][4347][2024][2569][4616][2637][2092][403][1979][2613][1898][1876][2227][1406][47][1468][1116][67][1231][2485][2269][2187][910][1334][1559][1123][2443][1285][2123][578][40][789][1078][1167][2095][1498][1610][897][1425][2289][208][4][1232][1106][1264][768][1916][1003][1150][729][1984][2105][154][1350][1229][2000][133][2171][1832][1492][774][1286][26][185][1753][2461][1024][1677][2190][1500][1480][119][2139][1806][1019][727][2396][340][1227][2065][545][66][1190][755][612][993][17][911][744][707][513][556][1040][722][77][726][991][442][447][1166][255]
[3310][2125][237][3380][9758][7710][7809][2482][3135][938][2024][4616][2092][1979][1898][2227][47][1116][1231][2485][2187][910][1559][2443][1285][578][40][1078][2095][1610][1425][208][1232][1264][1916][1150][1984][2105][1350][2000][2171][1492][1286][185][2461][1677][2190][1500][1480][2139][1019][2396][340][2065][545][1190][755][993][911][707][556][1040][77][991][447][255]
[2667][6416][8236][7988][6848][8017][8537][9412][5601][122][8752][3075][5244][1647][4485][1582][1119][3773][1255][6176][421][8346][7975][7868][4934][8][241][2879][4575][2535][4922][883][6421][9667][1091][5036][9529][2240][6197][2496][6755][5766][3449][8305][9963][8618][7812][7864][1259][7625][6134][8918][2452][3704][1017][254][4597][6960][316][8471][6115][1423][7662][2439][2921][9994][2026][1299][5846][94][2533][5354][4701][8947][6655][1536][861][66][1752][9931][2675][1655][9573][7048][3410][9788][573][7742][4773][6755][8423][8270][160][6072][1530][9297][9231][1500][7420][563][6280][6046][7128][3712][6612][9545][777][9708][2644][5017][4727][3514][8454][1439][5778][6807][994][6059][858][6009][5750][4347][117][5113][8615][7458][7339][9771][1636][5122][5948][7500][9859][5472][2022][2017][4242][8804][5547][4500][3647][2385][2233][2422][3815][4720][3960][1957][1437][3544][4462][788][473][1653][1712][283][845][2100][1476][532][1329][812][1444][1505][2177][2174][2289][2025][2042][2289][1724][1489][366][1763][2315][42][110][768][1429][605][1310][1691][1970][221][1078][674][570][111][822][947][609][2148][155][1968][1728][325][2234][545][1472][1608][1300][1035][1044]
[1333][3208][4118][3994][3424][4008][4268][4706][2800][61][4376][1537][2622][823][2242][791][559][1886][627][3088][210][4173][3987][3934][2467][4][120][1439][2287][1267][2461][441][3210][4833][545][2518][4764][1120][3098][1248][3377][2883][1724][4152][4981][4309][3906][3932][629][3812][3067][4459][1226][1852][508][127][2298][3480][158][4235][3057][711][3831][1219][1460][4997][1013][649][2923][47][1266][2677][2350][4473][3327][768][430][33][876][4965][1337][827][4786][3524][1705][4894][286][3871][2386][3377][4211][4135][80][3036][765][4648][4615][750][3710][281][3140][3023][3564][1856][3306][4772][388][4854][1322][2508][2363][1757][4227][719][2889][3403][497][3029][429][3004][2875][2173][58][2556][4307][3729][3669][4885][818][2561][2974][3750][4929][2736][1011][1008][2121][4402][2773][2250][1823][1192][1116][1211][1907][2360][1980][978][718][1772][2231][394][236][826][856][141][422][1050][738][266][664][406][722][752][1088][1087][1144][1012][1021][1144][862][744][183][881][1157][21][55][384][714][302][655][845][985][110][539][337][285][55][411][473][304][1074][77][984][864][162][1117][272][736][804][650][517][522]
[6217][7421][1914][5538][6020][3930][803][2454][1207][3467][5172][1790][9075][9279][4632][2669][9000][5149][5407][1753][2717][543][7988][4403][6377][4417][5423][1222][6653][2123][8591][1861][3602][8991][5615][19][8977][8462][3032][5208][6067][5613][7606][4766][6003][3700][234][3569][9911][9059][155][7263][6368][2320][2824][5168][5807][2552][2158][2024][416][2901][8193][8873][3382][5107][3593][5884][4823][6345][8500][9822][3286][6035][847][7220][6783][4679][9799][8092][6985][2298][5442][1411][8884][472][4941][6188][7555][6334][36][5604][6027][9920][993][965][8583][8561][1748][8555][4048][4124][2777][5441][9117][4470][7204][5427][5471][2828][8700][9406][8562][4625][5773][2044][9883][4517][1471][1402][8392][1377][3236][3310][2125][237][3380][9758][7710][7809][2482][3135][938][2024][4616][2092][1979][1898][2227][47][1116][1231][2485][2187][910][1559][2443][1285][578][40][1078][2095][1610][1425][208][1232][1264][1916][1150][1984][2105][1350][2000][2171][1492][1286][185][2461][1677][2190][1500][1480][2139][1019][2396][340][2065][545][1190][755][993][911][707][556][1040][77][991][447][255]
[3108][3710][957][2769][3010][1965][401][1227][603][1733][2586][895][4537][4639][2316][1334][4500][2574][2703][876][1358][271][3994][2201][3188][2208][2711][611][3326][1061][4295][930][1801][4495][2807][9][4488][4231][1516][2604][3033][2806][3803][2383][3001][1850][117][1784][4955][4529][77][3631][3184][1160][1412][2584][2903][1276][1079][1012][208][1450][4096][4436][1691][2553][1796][2942][2411][3172][4250][4911][1643][3017][423][3610][3391][2339][4899][4046][3492][1149][2721][705][4442][236][2470][3094][3777][3167][18][2802][3013][4960][496][482][4291][4280][874][4277][2024][2062][1388][2720][4558][2235][3602][2713][2735][1414][4350][4703][4281][2312][2886][1022][4941][2258][735][701][4196][688][1618][1655][1062][118][1690][4879][3855][3904][1241][1567][469][1012][2308][1046][989][949][1113][23][558][615][1242][1093][455][779][1221][642][289][20][539][1047][805][712][104][616][632][958][575][992][1052][675][1000][1085][746][643][92][1230][838][1095][750][740][1069][509][1198][170][1032][272][595][377][496][455][353][278][520][38][495][223][127]
[1333][3208][4118][3994][3424][4008][4268][4706][2800][61][4376][1537][2622][823][2242][791][559][1886][627][3088][210][4173][3987][3934][2467][4][120][1439][2287][1267][2461][441][3210][4833][545][2518][4764][1120][3098][1248][3377][2883][1724][4152][4981][4309][3906][3932][629][3812][3067][4459][1226][1852][508][127][2298][3480][158][4235][3057][711][3831][1219][1460][4997][1013][649][2923][47][1266][2677][2350][4473][3327][768][430][33][876][4965][1337][827][4786][3524][1705][4894][286][3871][2386][3377][4211][4135][80][3036][765][4648][4615][750][3710][281][3140][3023][3564][1856][3306][4772][388][4854][1322][2508][2363][1757][4227][719][2889][3403][497][3029][429][3004][2875][2173][58][2556][4307][3729][3669][4885][818][2561][2974][3750][4929][2736][1011][1008][2121][4402][2773][2250][1823][1192][1116][1211][1907][2360][1980][978][718][1772][2231][394][236][826][856][141][422][1050][738][266][664][406][722][752][1088][1087][1144][1012][1021][1144][862][744][183][881][1157][21][55][384][714][302][655][845][985][110][539][337][285][55][411][473][304][1074][77][984][864][162][1117][272][736][804][650][517][522]
[4118][3424][4268][2800][4376][2622][2242][559][627][210][3987][2467][120][2287][2461][3210][545][4764][1120][1248][2883][4152][4309][3932][3812][4459][1852][127][3480][4235][711][1219][1460][1013][2923][1266][2350][3327][430][876][4965][827][3524][1705][286][2386][4211][4135][80][765][4615][750][3710][3140][3564][3306][388][1322][2363][4227][2889][497][429][2875][58][4307][3669][4885][2561][3750][2736][1008][4402][2250][1192][1211][2360][1980][718][2231][236][856][422][1050][266][406][752][1087][1012][1144][744][881][21][55][714][655][845][985][110][337][285][55][473][1074][984][162][272][804][650][522]
[6562][4979][308][426][9725][8487][3395][5152][3251][691][9113][7338][5172][7057][2725][9696][8229][2529][5151][115][7829][7998][6564][7122][4336][3108][3710][957][2769][3010][1965][401][1227][603][1733][2586][895][4537][4639][2316][1334][4500][2574][2703][876][1358][271][3994][2201][3188][2208][2711][611][3326][1061][4295][930][1801][4495][2807][9][4488][4231][1516][2604][3033][2806][3803][2383][3001][1850][117][1784][4955][4529][77][3631][3184][1160][1412][2584][2903][1276][1079][1012][208][1450][4096][4436][1691][2553][1796][2942][2411][3172][4250][4911][1643][3017][423][3610][3391][2339][4899][4046][3492][1149][2721][705][4442][236][2470][3094][3777][3167][18][2802][3013][4960][496][482][4291][4280][874][4277][2024][2062][1388][2720][4558][2235][3602][2713][2735][1414][4350][4703][4281][2312][2886][1022][4941][2258][735][701][4196][688][1618][1655][1062][118][1690][4879][3855][3904][1241][1567][469][1012][2308][1046][989][949][1113][23][558][615][1242][1093][455][779][1221][642][289][20][539][1047][805][712][104][616][632][958][575][992][1052][675][1000][1085][746][643][92][1230][838][1095][750][740][1069][509][1198][170][1032][272][595][377][496][455][353][278][520][38][495][223][127]
[308][9725][3395][3251][9113][5172][2725][8229][5151][115][7998][7122][3108][3710][2769][3010][1965][1227][1733][895][4639][1334][4500][2703][1358][3994][3188][2711][3326][4295][930][4495][9][4231][2604][2806][2383][1850][1784][4955][77][3184][1160][2584][1276][1012][1450][4436][2553][2942][3172][4250][1643][423][3610][2339][4046][1149][705][236][2470][3777][18][3013][4960][482][4280][4277][2062][2720][2235][2713][2735][4350][4281][2886][4941][735][4196][1618][1655][118][1690][3855][1241][469][2308][989][1113][558][615][1093][455][1221][289][20][1047][805][104][632][575][1052][675][1000][1085][643][1230][1095][750][740][509][170][272][595][496][455][278][520][495][127]
[1515][4855][714][9711][6129][5043][8951][8732][5847][186][845][2436][2019][9363][453][190][9707][1564][8011][4820][1259][3434][5562][7098][6664][6018][3779][7828][5666][6444][6457][1056][7674][350][2593][8293][3104][4231][9150][808][4951][314][9780][9430][8685][5578][5117][3832][6434][6822][9914][1049][8222][4649][3207][1193][8886][8163][4167][7323][332][2393][8536][7909][1560][5015][3199][5469][3104][308][9725][3395][3251][9113][5172][2725][8229][5151][115][7998][7122][3108][3710][2769][3010][1965][1227][1733][895][4639][1334][4500][2703][1358][3994][3188][2711][3326][4295][930][4495][9][4231][2604][2806][2383][1850][1784][4955][77][3184][1160][2584][1276][1012][1450][4436][2553][2942][3172][4250][1643][423][3610][2339][4046][1149][705][236][2470][3777][18][3013][4960][482][4280][4277][2062][2720][2235][2713][2735][4350][4281][2886][4941][735][4196][1618][1655][118][1690][3855][1241][469][2308][989][1113][558][615][1093][455][1221][289][20][1047][805][104][632][575][1052][675][1000][1085][643][1230][1095][750][740][509][170][272][595][496][455][278][520][495][127]
[757][2427][357][4855][3064][2521][4475][4366][2923][93][422][1218][1009][4681][226][95][4853][782][4005][2410][629][1717][2781][3549][3332][3009][1889][3914][2833][3222][3228][528][3837][175][1296][4146][1552][2115][4575][404][2475][157][4890][4715][4342][2789][2558][1916][3217][3411][4957][524][4111][2324][1603][596][4443][4081][2083][3661][166][1196][4268][3954][780][2507][1599][2734][1552][154][4862][1697][1625][4556][2586][1362][4114][2575][57][3999][3561][1554][1855][1384][1505][982][613][866][447][2319][667][2250][1351][679][1997][1594][1355][1663][2147][465][2247][4][2115][1302][1403][1191][925][892][2477][38][1592][580][1292][638][506][725][2218][1276][1471][1586][2125][821][211][1805][1169][2023][574][352][118][1235][1888][9][1506][2480][241][2140][2138][1031][1360][1117][1356][1367][2175][2140][1443][2470][367][2098][809][827][59][845][1927][620][234][1154][494][556][279][307][546][227][610][144][10][523][402][52][316][287][526][337][500][542][321][615][547][375][370][254][85][136][297][248][227][139][260][247][63]
[7817][5667][1062][3705][1219][2791][2225][2606][2485][6984][1136][72][1009][9639][8394][213][1921][5444][923][1363][248][2760][1235][9994][4429][7805][2772][2641][2053][2317][6816][7905][3748][5657][8219][4149][3024][2723][8672][6274][9675][1164][1410][2796][7097][3672][6951][6870][9585][2264][5393][5612][107][2475][8370][9167][6487][2345][3546][6518][3342][5367][332][1987][7862][5519][1524][6583][6343][9370][4627][9555][1190][5050][2169][6164][6481][7809][4332][3715][2703][5964][4586][2432][2119][9308][5002][459][5131][414][1132][206][4240][9179][3736][8347][7290][8158][8135][8294][2936][5135][2255][6485][8216][3009][4179][4527][6907][2567][6714][4118][3424][4268][2800][4376][2622][2242][559][627][210][3987][2467][120][2287][2461][3210][545][4764][1120][1248][2883][4152][4309][3932][3812][4459][1852][127][3480][4235][711][1219][1460][1013][2923][1266][2350][3327][430][876][4965][827][3524][1705][286][2386][4211][4135][80][765][4615][750][3710][3140][3564][3306][388][1322][2363][4227][2889][497][429][2875][58][4307][3669][4885][2561][3750][2736][1008][4402][2250][1192][1211][2360][1980][718][2231][236][856][422][1050][266][406][752][1087][1012][1144][744][881][21][55][714][655][845][985][110][337][285][55][473][1074][984][162][272][804][650][522]
[3908][2833][531][1852][609][1395][1112][1303][1242][3492][568][36][504][4819][4197][106][960][2722][461][681][124][1380][617][4997][2214][3902][1386][1320][1026][1158][3408][3952][1874][2828][4109][2074][1512][1361][4336][3137][4837][582][705][1398][3548][1836][3475][3435][4792][1132][2696][2806][53][1237][4185][4583][3243][1172][1773][3259][1671][2683][166][993][3931][2759][762][3291][3171][4685][2313][4777][595][2525][1084][3082][3240][3904][2166][1857][1351][2982][2293][1216][1059][4654][2501][229][2565][207][566][103][2120][4589][1868][4173][3645][4079][4067][4147][1468][2567][1127][3242][4108][1504][2089][2263][3453][1283][3357][2059][1712][2134][1400][2188][1311][1121][279][313][105][1993][1233][60][1143][1230][1605][272][2382][560][624][1441][2076][2154][1966][1906][2229][926][63][1740][2117][355][609][730][506][1461][633][1175][1663][215][438][2482][413][1762][852][143][1193][2105][2067][40][382][2307][375][1855][1570][1782][1653][194][661][1181][2113][1444][248][214][1437][29][2153][1834][2442][1280][1875][1368][504][2201][1125][596][605][1180][990][359][1115][118][428][211][525][133][203][376][543][506][572][372][440][10][27][357][327][422][492][55][168][142][27][236][537][492][81][136][402][325][261]
[3908][2833][531][1852][609][1395][1112][1303][1242][3492][568][36][504][4819][4197][106][960][2722][461][681][124][1380][617][4997][2214][3902][1386][1320][1026][1158][3408][3952][1874][2828][4109][2074][1512][1361][4336][3137][4837][582][705][1398][3548][1836][3475][3435][4792][1132][2696][2806][53][1237][4185][4583][3243][1172][1773][3259][1671][2683][166][993][3931][2759][762][3291][3171][4685][2313][4777][595][2525][1084][3082][3240][3904][2166][1857][1351][2982][2293][1216][1059][4654][2501][229][2565][207][566][103][2120][4589][1868][4173][3645][4079][4067][4147][1468][2567][1127][3242][4108][1504][2089][2263][3453][1283][3357][2059][1712][2134][1400][2188][1311][1121][279][313][105][1993][1233][60][1143][1230][1605][272][2382][560][624][1441][2076][2154][1966][1906][2229][926][63][1740][2117][355][609][730][506][1461][633][1175][1663][215][438][2482][413][1762][852][143][1193][2105][2067][40][382][2307][375][1855][1570][1782][1653][194][661][1181][2113][1444][248][214][1437][29][2153][1834][2442][1280][1875][1368][504][2201][1125][596][605][1180][990][359][1115][118][428][211][525][133][203][376][543][506][572][372][440][10][27][357][327][422][492][55][168][142][27][236][537][492][81][136][402][325][261]
[3908][531][609][1395][1303][3492][36][4819][106][960][461][124][1380][4997][3902][1320][1158][3952][2828][2074][1361][3137][582][705][3548][3475][3435][1132][2806][1237][4185][3243][1773][1671][166][3931][762][3171][4685][4777][595][2525][3082][3240][2166][1351][2293][1059][2501][2565][566][2120][1868][3645][4067][1468][1127][4108][2089][3453][3357][1712][1400][1311][279][105][1233][60][1230][1605][2382][560][1441][2154][1906][926][1740][355][730][1461][1175][215][2482][1762][143][2105][40][2307][375][1855][1570][1653][661][2113][248][1437][2153][2442][1280][1875][504][1125][605][1180][990][1115][428][525][203][543][572][440][10][357][422][55][142][236][492][136][325]
[8863][6615][4199][6788][5150][9851][7397][6588][9113][3211][4028][3908][531][609][1395][1303][3492][36][4819][106][960][461][124][1380][4997][3902][1320][1158][3952][2828][2074][1361][3137][582][705][3548][3475][3435][1132][2806][1237][4185][3243][1773][1671][166][3931][762][3171][4685][4777][595][2525][3082][3240][2166][1351][2293][1059][2501][2565][566][2120][1868][3645][4067][1468][1127][4108][2089][3453][3357][1712][1400][1311][279][105][1233][60][1230][1605][2382][560][1441][2154][1906][926][1740][355][730][1461][1175][215][2482][1762][143][2105][40][2307][375][1855][1570][1653][661][2113][248][1437][2153][2442][1280][1875][504][1125][605][1180][990][1115][428][525][203][543][572][440][10][357][422][55][142][236][492][136][325]
[6615][6788][5150][7397][9113][4028][531][1395][3492][4819][960][124][1380][3902][1320][3952][2074][3137][705][3475][3435][2806][4185][1773][166][762][4685][595][2525][3240][1351][1059][2565][2120][3645][1468][4108][3453][1712][1400][279][105][60][1230][1605][560][2154][926][1740][355][730][1175][215][1762][2105][40][375][1855][1570][661][248][2153][1280][1875][1125][605][1180][990][1115][525][543][440][10][422][55][236][136][325]
[9723][8094][3848][5517][2299][5276][7108][4175][7145][2498][6694][2140][7462][4662][384][2968][4679][4395][6811][98][7525][9265][358][5616][7561][473][6804][8715][9639][2601][9493][117][8173][2506][1208][2880][5397][8176][8060][1850][4652][1821][1377][8188][5825][2545][6902][4312][6615][6788][5150][7397][9113][4028][531][1395][3492][4819][960][124][1380][3902][1320][3952][2074][3137][705][3475][3435][2806][4185][1773][166][762][4685][595][2525][3240][1351][1059][2565][2120][3645][1468][4108][3453][1712][1400][279][105][60][1230][1605][560][2154][926][1740][355][730][1175][215][1762][2105][40][375][1855][1570][661][248][2153][1280][1875][1125][605][1180][990][1115][525][543][440][10][422][55][236][136][325]
[4861][4047][1924][2758][1149][2638][3554][2087][3572][1249][3347][1070][3731][2331][192][1484][2339][2197][3405][49][3762][4632][179][2808][3780][236][3402][4357][4819][1300][4746][58][4086][1253][604][1440][2698][4088][4030][925][2326][910][688][4094][2912][1272][3451][2156][3307][3394][2575][3698][4556][2014][265][697][1746][2409][480][62][690][1951][660][1976][1037][1568][352][1737][1717][1403][2092][886][83][381][2342][297][1262][1620][675][529][1282][1060][1822][734][2054][1726][856][700][139][52][30][615][802][280][1077][463][870][177][365][587][107][881][1052][20][187][927][785][330][124][1076][640][937][562][302][590][495][557][262][271][220][5][211][27][118][68][162]
[6927][952][9427][1003][9816][2346][4573][5995][2308][5910][1334][3350][721][9433][121][3385][1083][1158][9212][4084][9709][4373][7270][6588][2673][4844][925][1311][4861][8876][4560][5602][3845][8295][4262][263][9628][7992][7130][7266][7686][7299][9674][8065][3230][5310][643][4647][512][4424][987][1142][6671][578][3393][1675][9027][8700][2472][8687][611][1780][77][3923][362][784][2366][1975][9310][6326][1394][865][5366][4100][289][378][1219][4863][6193][558][1431][3850][3754][328][9848][7045][6562][5084][9671][1280][757][2427][357][4855][3064][2521][4475][4366][2923][93][422][1218][1009][4681][226][95][4853][782][4005][2410][629][1717][2781][3549][3332][3009][1889][3914][2833][3222][3228][528][3837][175][1296][4146][1552][2115][4575][404][2475][157][4890][4715][4342][2789][2558][1916][3217][3411][4957][524][4111][2324][1603][596][4443][4081][2083][3661][166][1196][4268][3954][780][2507][1599][2734][1552][154][4862][1697][1625][4556][2586][1362][4114][2575][57][3999][3561][1554][1855][1384][1505][982][613][866][447][2319][667][2250][1351][679][1997][1594][1355][1663][2147][465][2247][4][2115][1302][1403][1191][925][892][2477][38][1592][580][1292][638][506][725][2218][1276][1471][1586][2125][821][211][1805][1169][2023][574][352][118][1235][1888][9][1506][2480][241][2140][2138][1031][1360][1117][1356][1367][2175][2140][1443][2470][367][2098][809][827][59][845][1927][620][234][1154][494][556][279][307][546][227][610][144][10][523][402][52][316][287][526][337][500][542][321][615][547][375][370][254][85][136][297][248][227][139][260][247][63]
[9427][9816][4573][5995][5910][3350][9433][3385][1158][4084][4373][7270][2673][925][4861][4560][3845][8295][263][7992][7130][7686][9674][8065][3230][5310][4647][4424][1142][578][1675][8700][8687][1780][3923][784][1975][9310][1394][865][4100][378][4863][558][3850][328][7045][5084][1280][2427][4855][2521][4475][2923][422][1009][226][95][782][4005][2410][1717][3549][3009][3914][3222][528][175][4146][2115][4575][2475][4890][4715][2789][1916][3411][524][2324][596][4081][3661][1196][3954][780][1599][1552][4862][1625][2586][4114][2575][3999][1554][1855][1505][613][447][667][2250][679][1594][1355][2147][465][4][2115][1403][925][2477][1592][580][638][725][1276][1586][2125][211][1805][2023][352][1235][9][2480][2140][1031][1360][1356][2175][2140][2470][2098][827][845][620][1154][556][307][227][610][10][402][316][526][500][321][615][375][370][85][297][227][260][63]
[9425][118][9773][5677][6985][3852][1668][5060][9921][1750][1319][8335][6939][8452][2176][6801][2001][2507][8020][5403][1706][197][6762][6352][2412][9771][7355][9427][9816][4573][5995][5910][3350][9433][3385][1158][4084][4373][7270][2673][925][4861][4560][3845][8295][263][7992][7130][7686][9674][8065][3230][5310][4647][4424][1142][578][1675][8700][8687][1780][3923][784][1975][9310][1394][865][4100][378][4863][558][3850][328][7045][5084][1280][2427][4855][2521][4475][2923][422][1009][226][95][782][4005][2410][1717][3549][3009][3914][3222][528][175][4146][2115][4575][2475][4890][4715][2789][1916][3411][524][2324][596][4081][3661][1196][3954][780][1599][1552][4862][1625][2586][4114][2575][3999][1554][1855][1505][613][447][667][2250][679][1594][1355][2147][465][4][2115][1403][925][2477][1592][580][638][725][1276][1586][2125][211][1805][2023][352][1235][9][2480][2140][1031][1360][1356][2175][2140][2470][2098][827][845][620][1154][556][307][227][610][10][402][316][526][500][321][615][375][370][85][297][227][260][63]
[8003][4531][3764][26][3969][2188][7926][6849][7562][4776][5870][6866][4224][4187][3915][7464][6913][2597][6768][306][4687][6467][9481][3740][1016][1888][7840][4291][9434][5401][4521][8163][2711][5091][7273][9281][9598][7520][5946][311][3012][4418][7041][9235][2757][9939][6466][8343][2114][9785][8658][5892][6565][5237][1652][3609][4957][1171][4203][9988][9215][6348][385][4861][4047][1924][2758][1149][2638][3554][2087][3572][1249][3347][1070][3731][2331][192][1484][2339][2197][3405][49][3762][4632][179][2808][3780][236][3402][4357][4819][1300][4746][58][4086][1253][604][1440][2698][4088][4030][925][2326][910][688][4094][2912][1272][3451][2156][3307][3394][2575][3698][4556][2014][265][697][1746][2409][480][62][690][1951][660][1976][1037][1568][352][1737][1717][1403][2092][886][83][381][2342][297][1262][1620][675][529][1282][1060][1822][734][2054][1726][856][700][139][52][30][615][802][280][1077][463][870][177][365][587][107][881][1052][20][187][927][785][330][124][1076][640][937][562][302][590][495][557][262][271][220][5][211][27][118][68][162]
