[31][2841][9858][3342][6795][5306][2271][8736]
[6795]
[1367][4194][3747][7560][1023][7676][9771][4536][4853][9934][3449][6795]
[683][2097][1873][3780][511][3838][4885][2268][2426][4967][1724][3397]
[4742][1234][3273][726][4756][6157][1276][2914][6284][5607][4200][3689][2594][156][185][2738][1138][4211][2069][4869][690][8534]
[4200][185][690]
[671][8060][5893][9603][9673][811][8459][4384][3219][1511][8819][9614][2510][1235][3325][3615][18][2795][7802][3765][7190][6777][4750][683][2097][1873][3780][511][3838][4885][2268][2426][4967][1724][3397]
[8060][2510][1235][3325][3615][2795][3765][7190][4750][3780][4885]
[4058][8717][5509][3987][4816][5997][7046][7419][7094][408][3597][2465][9153][9627][2153][5233][2267][310][8304][1379][6712][9952][3812][6160][4713][9886][8650][4281][570][9733][7519][7553][5604][8060][2510][1235][3325][3615][2795][3765][7190][4750][3780][4885]
[2029][4358][2754][1993][2408][2998][3523][3709][3547][204][1798][1232][4576][4813][1076][2616][1133][155][4152][689][3356][4976][1906][3080][2356][4943][4325][2140][285][4866][3759][3776][2802][4030][1255][617][1662][1807][1397][1882][3595][2375][1890][2442]
[8955][9371][2364][5507][6947][4571][9354][7732][7999][283][6185][8961][6245][1485][7782][6430][4536][8206][2948][5249][5352][3684][7418][3963][1712][1800][4033][8204][2515][474][4724][9271][928][2773][8120][996][6843][2071][1343][9650][1038][309][9484][9225][8386][3518][4132][3260][3819][2328][2219][7393][5997][8114][4964][3904][3195][5177][5874][7584][3905][7175][9047][5][4485][7676][9721][1986][7512][6628][4403][3023][2385][3664][739][259][3863][6917][3459][2587][7526][8311][1199][5973][2994][4200][185][690]
[4477][4685][1182][2753][3473][2285][4677][3866][3999][141][3092][4480][3122][742][3891][3215][2268][4103][1474][2624][2676][1842][3709][1981][856][900][2016][4102][1257][237][2362][4635][464][1386][4060][498][3421][1035][671][4825][519][154][4742][4612][4193][1759][2066][1630][1909][1164][1109][3696][2998][4057][2482][1952][1597][2588][2937][3792][1952][3587][4523][2][2242][3838][4860][993][3756][3314][2201][1511][1192][1832][369][129][1931][3458][1729][1293][3763][4155][599][2986][1497][2100][92][345]
[5272][351][1393][6019][7978][4737][1823][494][1374][6942][1270][271][6909][9876][8273][4068][8644][4638][3333][8597][3499][8108][5081][6650][2238][8451][3669][2134][5968][7481][4436][9718][6593][3156][4477][4685][1182][2753][3473][2285][4677][3866][3999][141][3092][4480][3122][742][3891][3215][2268][4103][1474][2624][2676][1842][3709][1981][856][900][2016][4102][1257][237][2362][4635][464][1386][4060][498][3421][1035][671][4825][519][154][4742][4612][4193][1759][2066][1630][1909][1164][1109][3696][2998][4057][2482][1952][1597][2588][2937][3792][1952][3587][4523][2][2242][3838][4860][993][3756][3314][2201][1511][1192][1832][369][129][1931][3458][1729][1293][3763][4155][599][2986][1497][2100][92][345]
[2636][175][696][3009][3989][2368][911][247][687][3471][635][135][3454][4938][4136][2034][4322][2319][1666][4298][1749][4054][2540][3325][1119][4225][1834][1067][2984][3740][2218][4859][3296][1578][2238][2342][591][1376][1736][1142][2338][1933][1999][70][1546][2240][1561][371][1945][1607][1134][2051][737][1312][1338][921][1854][990][428][450][1008][2051][628][118][1181][2317][232][693][2030][249][1710][517][335][2412][259][77][2371][2306][2096][879][1033][815][954][582][554][1848][1499][2028][1241][976][798][1294][1468][1896][976][1793][2261][1][1121][1919][2430][496][1878][1657][1100][755][596][916][184][64][965][1729][864][646][1881][2077][299][1493][748][1050][46][172]
[5000][8508][3896][3067][1076][889][1423][6867][7484][7060][5045][3346][8642][3233][6197][3018][5947][8086][9158][5489][5478][8311][5036][6006][7187][558][3800][8932][770][6941][7172][4801][2750][9830][5489][1738][3361][5228][9149][2340][8824][4018][649][7815][4445][820][7535][8497][1508][6873][4848][1110][458][8234][5309][1378][4767][5167][5199][1662][7087][7940][356][4531][6437][8494][2069][3775][6120][5425][593][2105][8045][2051][6680][6321][1326][2418][1407][3837][1204][3517][2508][1805][5270][2038][4685][3347][5821][4735][3871][4802][6315][3811][2930][9418][8729][3428][5035][4735][8921][2714][2524][3605][9308][4993][7469][9692][3867][6118][7822][6046][3174][5274][8315][3278][4513][2409][4948][4612][2029][4358][2754][1993][2408][2998][3523][3709][3547][204][1798][1232][4576][4813][1076][2616][1133][155][4152][689][3356][4976][1906][3080][2356][4943][4325][2140][285][4866][3759][3776][2802][4030][1255][617][1662][1807][1397][1882][3595][2375][1890][2442]
[2500][4254][1948][1533][538][444][711][3433][3742][3530][2522][1673][4321][1616][3098][1509][2973][4043][4579][2744][2739][4155][2518][3003][3593][279][1900][4466][385][3470][3586][2400][1375][4915][2744][869][1680][2614][4574][1170][4412][2009][324][3907][2222][410][3767][4248][754][3436][2424][555][229][4117][2654][689][2383][2583][2599][831][3543][3970][178][2265][3218][4247][1034][1887][3060][2712][296][1052][4022][1025][3340][3160][663][1209][703][1918][602][1758][1254][902][2635][1019][2342][1673][2910][2367][1935][2401][3157][1905][1465][4709][4364][1714][2517][2367][4460][1357][1262][1802][4654][2496][3734][4846][1933][3059][3911][3023][1587][2637][4157][1639][2256][1204][2474][2306][1014][2179][1377][996][1204][1499][1761][1854][1773][102][899][616][2288][2406][538][1308][566][77][2076][344][1678][2488][953][1540][1178][2471][2162][1070][142][2433][1879][1888][1401][2015][627][308][831][903][698][941][1797][1187][945][1221]
[2108][1096][5805][9936][3582][1639][6473][5624][3450][9338][5390][9238][600][2712][1242][7520][1275][1781][2500][4254][1948][1533][538][444][711][3433][3742][3530][2522][1673][4321][1616][3098][1509][2973][4043][4579][2744][2739][4155][2518][3003][3593][279][1900][4466][385][3470][3586][2400][1375][4915][2744][869][1680][2614][4574][1170][4412][2009][324][3907][2222][410][3767][4248][754][3436][2424][555][229][4117][2654][689][2383][2583][2599][831][3543][3970][178][2265][3218][4247][1034][1887][3060][2712][296][1052][4022][1025][3340][3160][663][1209][703][1918][602][1758][1254][902][2635][1019][2342][1673][2910][2367][1935][2401][3157][1905][1465][4709][4364][1714][2517][2367][4460][1357][1262][1802][4654][2496][3734][4846][1933][3059][3911][3023][1587][2637][4157][1639][2256][1204][2474][2306][1014][2179][1377][996][1204][1499][1761][1854][1773][102][899][616][2288][2406][538][1308][566][77][2076][344][1678][2488][953][1540][1178][2471][2162][1070][142][2433][1879][1888][1401][2015][627][308][831][903][698][941][1797][1187][945][1221]
[5805][3450][5390][600][7520][1275][2500][3530][4155][1900][385][3470][2400][1375][4915][1680][1170][410][555][3970][2265][3060][1025][3340][3160][2635][2910][1935][1905][1465][4460][1540][1070][2015][945]
[21][3183][8670][3945][5696][7905][9897][1279][8986][1444][4331][6229][8473][2819][3284][1105][9185][7154][5342][9310][1698][8969][9796][9801][4464][3409][959][3845][7540][3813][2106][459][3863][9739][8238][1320][1916][1945][9970][7203][8163][3405][2606][4105][2899][7679][8878][3215][139][4958][235][5117][2164][964][6034][9365][2653][2003][9485][6245][1938][1898][5106][3159][5500][3317][9114][839][2636][175][696][3009][3989][2368][911][247][687][3471][635][135][3454][4938][4136][2034][4322][2319][1666][4298][1749][4054][2540][3325][1119][4225][1834][1067][2984][3740][2218][4859][3296][1578][2238][2342][591][1376][1736][1142][2338][1933][1999][70][1546][2240][1561][371][1945][1607][1134][2051][737][1312][1338][921][1854][990][428][450][1008][2051][628][118][1181][2317][232][693][2030][249][1710][517][335][2412][259][77][2371][2306][2096][879][1033][815][954][582][554][1848][1499][2028][1241][976][798][1294][1468][1896][976][1793][2261][1][1121][1919][2430][496][1878][1657][1100][755][596][916][184][64][965][1729][864][646][1881][2077][299][1493][748][1050][46][172]
[10][1591][4335][1972][2848][3952][4948][639][4493][722][2165][3114][4236][1409][1642][552][4592][3577][2671][4655][849][4484][4898][4900][2232][1704][479][1922][3770][1906][1053][229][1931][4869][4119][660][958][972][4985][3601][4081][1702][1303][2052][1449][3839][4439][1607][69][2479][117][2558][1082][482][3017][4682][1326][1001][4742][3122][969][949][2553][1579][2750][1658][4557][419][1318][87][348][1504][1994][1184][455][123][343][1735][317][67][1727][2469][2068][1017][2161][1159][833][2149][874][2027][1270][1662][559][2112][917][533][1492][1870][1109][2429][1648][789][1119][1171][295][688][868][571][1169][966][999][35][773][1120][780][185][972][803][567][1025][368][656][669][460][927][495][214][225][504][1025][314][59][590][1158][116][346][1015][124][855][258][167][1206][129][38][1185][1153][1048][439][516][407][477][291][277][924][749][1014][620][488][399][647][734][948][488][896][1130][0][560][959][1215][248][939][828][550][377][298][458][92][32][482][864][432][323][940][1038][149][746][374][525][23][86]
[527][8352][3611][4938][1779][8168][4683][4377][7902][3868][6907][3637][3461][1485][2442][7949][6393][4407][3829][5118][1208][7847][1336][8787][5988][2267][2372][1414][6905][5175][6031][9097][198][7441][5856][1193][5901][3366][2883][6615][3739][3720][4761][879][772][8276][873][7320][7097][1527][1143][8102][3044][8304][4323][4107][7271][5805][3450][5390][600][7520][1275][2500][3530][4155][1900][385][3470][2400][1375][4915][1680][1170][410][555][3970][2265][3060][1025][3340][3160][2635][2910][1935][1905][1465][4460][1540][1070][2015][945]
[263][4176][1805][2469][889][4084][2341][2188][3951][1934][3453][1818][1730][742][1221][3974][3196][2203][1914][2559][604][3923][668][4393][2994][1133][1186][707][3452][2587][3015][4548][99][3720][2928][596][2950][1683][1441][3307][1869][1860][2380][439][386][4138][436][3660][3548][763][571][4051][1522][4152][2161][2053][3635][2902][1725][2695][300][3760][637][1250][1765][2077][950][192][1735][1200][687][2457][840][585][205][277][1985][1132][1530][512][1670][1580][1317][1455][967][952][732][2230][770][535][1007][472]
[9493][7482][8917][5805][6552][3873][3696][5780][9803][5319][3310][9978][993][2116][2760][9926][3585][2043][3495][4603][3561][5428][1816][1751][2907][9557][9601][9825][1678][3632][1468][6306][3065][185][1502][4117][3459][263][4176][1805][2469][889][4084][2341][2188][3951][1934][3453][1818][1730][742][1221][3974][3196][2203][1914][2559][604][3923][668][4393][2994][1133][1186][707][3452][2587][3015][4548][99][3720][2928][596][2950][1683][1441][3307][1869][1860][2380][439][386][4138][436][3660][3548][763][571][4051][1522][4152][2161][2053][3635][2902][1725][2695][300][3760][637][1250][1765][2077][950][192][1735][1200][687][2457][840][585][205][277][1985][1132][1530][512][1670][1580][1317][1455][967][952][732][2230][770][535][1007][472]
[5805][5780][3310][2760][3585][3495][9825][3065][185][1805][1730][3015][3720][2950][1860][2380][3660][3635][1725][2695][300][3760][1250][1765][950][1735][1200][840][585][205][1985][1530][1670][1580][1455][2230][770][535]
[411][3611][8089][7014][5242][6595][8288][2687][6517][848][7873][1545][8392][1548][4054][3622][168][8689][3528][9728][5692][1658][2805][9427][2654][6997][1441][6974][8359][2839][2204][8249][2508][1853][9132][8304][4039][6394][2251][572][3394][7074][972][3345][52][63][8050][8219][6351][9653][9177][1052][5928][7258][5619][2603][593][1294][8444][3030][4943][5612][5180][7723][2141][3686][3550][1839][3195][5399][4254][8894][6086][5508][4314][132][4918][2667][7310][9126][7073][1909][7077][8129][1229][4252][7629][8938][10][1591][4335][1972][2848][3952][4948][639][4493][722][2165][3114][4236][1409][1642][552][4592][3577][2671][4655][849][4484][4898][4900][2232][1704][479][1922][3770][1906][1053][229][1931][4869][4119][660][958][972][4985][3601][4081][1702][1303][2052][1449][3839][4439][1607][69][2479][117][2558][1082][482][3017][4682][1326][1001][4742][3122][969][949][2553][1579][2750][1658][4557][419][1318][87][348][1504][1994][1184][455][123][343][1735][317][67][1727][2469][2068][1017][2161][1159][833][2149][874][2027][1270][1662][559][2112][917][533][1492][1870][1109][2429][1648][789][1119][1171][295][688][868][571][1169][966][999][35][773][1120][780][185][972][803][567][1025][368][656][669][460][927][495][214][225][504][1025][314][59][590][1158][116][346][1015][124][855][258][167][1206][129][38][1185][1153][1048][439][516][407][477][291][277][924][749][1014][620][488][399][647][734][948][488][896][1130][0][560][959][1215][248][939][828][550][377][298][458][92][32][482][864][432][323][940][1038][149][746][374][525][23][86]
[6595][1545][2805][3345][8050][3030][5180][3550][3195][7310][10][4335][2165][4655][4900][3770][660][4985][2750][455][1735][1270][1870][295][35][1120][780][185][1025][460][495][225][1025][590][1015][855][1185][620][1130][0][560][1215][550][940][525]
[9113][9909][5557][9487][89][7117][390][5297][8093][7436][4832][7807][3125][6493][9165][6743][6280][7524][3574][890][2074][2985][5653][3249][9200][6575][2479][9271][5631][6370][4749][7240][3242][2430][7037][7240][4829][7551][4154][3822][5908][7744][5912][8871][4644][9067][3333][8474][7556][6082][2065][5660][7906][8157][1752][8896][5971][4567][3656][6858][1437][7259][4951][2884][7354][8472][1107][5447][7697][5805][5780][3310][2760][3585][3495][9825][3065][185][1805][1730][3015][3720][2950][1860][2380][3660][3635][1725][2695][300][3760][1250][1765][950][1735][1200][840][585][205][1985][1530][1670][1580][1455][2230][770][535]
[4556][4954][2778][4743][44][3558][195][2648][4046][3718][2416][3903][1562][3246][4582][3371][3140][3762][1787][445][1037][1492][2826][1624][4600][3287][1239][4635][2815][3185][2374][3620][1621][1215][3518][3620][2414][3775][2077][1911][2954][3872][2956][4435][2322][4533][1666][4237][3778][3041][1032][2830][3953][4078][876][4448][2985][2283][1828][3429][718][3629][2475][1442][3677][4236][553][2723][3848][2902][2890][1655][1380][1792][1747][4912][1532][92][902][865][1507][1860][1475][930][1190][1830][1817][862][1347][150][1880][625][882][475][867][600][420][292][102][992][765][835][790][727][1115][385][267]
[6783][9593][1131][8412][6725][7772][7840][3197][8738][8638][1641][394][8204][277][5066][4457][6370][2332][2057][2062][5915][4037][3261][7471][6962][1175][3246][408][1868][281][3424][1817][6657][1136][4237][6844][5405][8833][2146][8973][1286][533][4527][2224][36][1123][7774][1594][8845][8256][2765][9765][5650][5631][7174][4393][4840][2772][4301][4389][692][6303][2612][4398][6241][3767][2706][7364][692][4612][9285][4551][459][5900][4638][318][1951][3225][438][5518][6226][6595][1545][2805][3345][8050][3030][5180][3550][3195][7310][10][4335][2165][4655][4900][3770][660][4985][2750][455][1735][1270][1870][295][35][1120][780][185][1025][460][495][225][1025][590][1015][855][1185][620][1130][0][560][1215][550][940][525]
[6725][7840][6370][5915][1175][5405][8845][2765][9765][5650][4840][9285][5900][3225][6595][1545][2805][3345][8050][3030][5180][3550][3195][7310][10][4335][2165][4655][4900][3770][660][4985][2750][455][1735][1270][1870][295][35][1120][780][185][1025][460][495][225][1025][590][1015][855][1185][620][1130][0][560][1215][550][940][525]
[9991][8547][175][9430][1643][2829][9556][5545][1244][9194][972][3818][643][3914][3230][6629][5172][3918][1599][349][735][7774][4688][5422][8745][8168][8549][1989][8718][281][5276][5514][9605][7441][4173][4612][9502][8759][4556][4954][2778][4743][44][3558][195][2648][4046][3718][2416][3903][1562][3246][4582][3371][3140][3762][1787][445][1037][1492][2826][1624][4600][3287][1239][4635][2815][3185][2374][3620][1621][1215][3518][3620][2414][3775][2077][1911][2954][3872][2956][4435][2322][4533][1666][4237][3778][3041][1032][2830][3953][4078][876][4448][2985][2283][1828][3429][718][3629][2475][1442][3677][4236][553][2723][3848][2902][2890][1655][1380][1792][1747][4912][1532][92][902][865][1507][1860][1475][930][1190][1830][1817][862][1347][150][1880][625][882][475][867][600][420][292][102][992][765][835][790][727][1115][385][267]
[175][9430][5545][3230][735][8745][9605][195][3140][445][4600][4635][2815][3185][3620][1215][3620][3775][4435][2830][2985][2475][2890][1655][1380][865][1860][1475][930][1190][1830][150][1880][625][475][600][420][765][835][790][1115][385]
[2255][365][3450][7674][2018][9356][9186][8859][7375][9102][4561][7118][9941][8331][4200][9626][3703][3246][2008][6348][2319][104][4233][2515][5268][469][8235][9500][4102][9035][1226][4075][6788][2623][1006][602][4768][6725][7840][6370][5915][1175][5405][8845][2765][9765][5650][4840][9285][5900][3225][6595][1545][2805][3345][8050][3030][5180][3550][3195][7310][10][4335][2165][4655][4900][3770][660][4985][2750][455][1735][1270][1870][295][35][1120][780][185][1025][460][495][225][1025][590][1015][855][1185][620][1130][0][560][1215][550][940][525]
[2255][365][3450][7375][4200][2515][8235][9500][9035][4075][6725][7840][6370][5915][1175][5405][8845][2765][9765][5650][4840][9285][5900][3225][6595][1545][2805][3345][8050][3030][5180][3550][3195][7310][10][4335][2165][4655][4900][3770][660][4985][2750][455][1735][1270][1870][295][35][1120][780][185][1025][460][495][225][1025][590][1015][855][1185][620][1130][0][560][1215][550][940][525]
[3975][4978][877][8087][9060][2255][365][3450][7375][4200][2515][8235][9500][9035][4075][6725][7840][6370][5915][1175][5405][8845][2765][9765][5650][4840][9285][5900][3225][6595][1545][2805][3345][8050][3030][5180][3550][3195][7310][10][4335][2165][4655][4900][3770][660][4985][2750][455][1735][1270][1870][295][35][1120][780][185][1025][460][495][225][1025][590][1015][855][1185][620][1130][0][560][1215][550][940][525]
[3975][9060][2255][365][3450][7375][4200][2515][8235][9500][9035][4075][6725][7840][6370][5915][1175][5405][8845][2765][9765][5650][4840][9285][5900][3225][6595][1545][2805][3345][8050][3030][5180][3550][3195][7310][10][4335][2165][4655][4900][3770][660][4985][2750][455][1735][1270][1870][295][35][1120][780][185][1025][460][495][225][1025][590][1015][855][1185][620][1130][0][560][1215][550][940][525]
[5623][3674][6943][3439][7880][3654][3692][1543][3053][5712][2030][4751][9288][8618][3355][1193][9490][5233][820][8750][4865][8543][7963][848][6658][8068][3847][4643][4169][9484][8600][9689][1375][7417][5857][8494][274][4530][5469][7498][3832][9700][4334][5612][5602][4430][5329][7158][2528][7748][3925][6387][6205][3150][123][4446][5608][695][2858][9687][7678][3722][6251][2708][3598][5883][3952][2406][7455][1379][3565][3937][6979][3250][8205][7512][9671][1170][7219][2192][5586][598][2294][524][9001][5126][175][9430][5545][3230][735][8745][9605][195][3140][445][4600][4635][2815][3185][3620][1215][3620][3775][4435][2830][2985][2475][2890][1655][1380][865][1860][1475][930][1190][1830][150][1880][625][475][600][420][765][835][790][1115][385]
[5199][3099][4134][764][1749][9220][9319][361][2255][3928][8273][2502][3018][6425][5621][5842][1492][1303][9444][2143][9711][2791][2429][4732][1059][5189][9266][5503][1774][4386][8344][9730][9136][2049][5652][5057][1792][4138][2930][9092][7581][170][6831][2520][1462][718][6583][7137][6139][1255][3975][9060][2255][365][3450][7375][4200][2515][8235][9500][9035][4075][6725][7840][6370][5915][1175][5405][8845][2765][9765][5650][4840][9285][5900][3225][6595][1545][2805][3345][8050][3030][5180][3550][3195][7310][10][4335][2165][4655][4900][3770][660][4985][2750][455][1735][1270][1870][295][35][1120][780][185][1025][460][495][225][1025][590][1015][855][1185][620][1130][0][560][1215][550][940][525]
[2599][1549][2067][382][874][4610][4659][180][1127][1964][4136][1251][1509][3212][2810][2921][746][651][4722][1071][4855][1395][1214][2366][529][2594][4633][2751][887][2193][4172][4865][4568][1024][2826][2528][896][2069][1465][4546][3790][85][3415][1260][731][359][3291][3568][3069][627][1987][4530][1127][182][1725][3687][2100][1257][4117][4750][4517][2037][3362][3920][3185][2957][587][2702][4422][1382][4882][2825][2420][4642][2950][1612][3297][772][1402][1672][4025][1515][2590][1775][1597][3655][5][2167][1082][2327][2450][1885][330][2492][1375][227][867][635][935][147][17][560][390][92][512][230][247][112][512][295][507][427][592][310][565][0][280][607][275][470][262]
[978][1884][5807][9355][9482][9923][6747][2599][1549][2067][382][874][4610][4659][180][1127][1964][4136][1251][1509][3212][2810][2921][746][651][4722][1071][4855][1395][1214][2366][529][2594][4633][2751][887][2193][4172][4865][4568][1024][2826][2528][896][2069][1465][4546][3790][85][3415][1260][731][359][3291][3568][3069][627][1987][4530][1127][182][1725][3687][2100][1257][4117][4750][4517][2037][3362][3920][3185][2957][587][2702][4422][1382][4882][2825][2420][4642][2950][1612][3297][772][1402][1672][4025][1515][2590][1775][1597][3655][5][2167][1082][2327][2450][1885][330][2492][1375][227][867][635][935][147][17][560][390][92][512][230][247][112][512][295][507][427][592][310][565][0][280][607][275][470][262]
[489][942][2903][4677][4741][4961][3373][1299][774][1033][191][437][2305][2329][90][563][982][2068][625][754][1606][1405][1460][373][325][2361][535][2427][697][607][1183][264][1297][2316][1375][443][1096][2086][2432][2284][512][1413][1264][448][1034][732][2273][1895][42][1707][630][365][179][1645][1784][1534][313][993][2265][563][91][862][1843][1050][628][2058][2375][2258][1018][1681][1960][1592][1478][293][1351][2211][691][2441][1412][1210][2321][1475][806][1648][386][701][836][2012][757][1295][887][798][1827][2][1083][541][1163][1225][942][165][1246][687][113][433][317][467][73][8][280][195][46][256][115][123][56][256][147][253][213][296][155][282][0][140][303][137][235][131]
[1597][6590][2175][5859][6096][4071][8764][4218][4556][8382][1225][49][1180][1685][4347][1009][8107][4049][1419][8405][8539][7494][7292][489][942][2903][4677][4741][4961][3373][1299][774][1033][191][437][2305][2329][90][563][982][2068][625][754][1606][1405][1460][373][325][2361][535][2427][697][607][1183][264][1297][2316][1375][443][1096][2086][2432][2284][512][1413][1264][448][1034][732][2273][1895][42][1707][630][365][179][1645][1784][1534][313][993][2265][563][91][862][1843][1050][628][2058][2375][2258][1018][1681][1960][1592][1478][293][1351][2211][691][2441][1412][1210][2321][1475][806][1648][386][701][836][2012][757][1295][887][798][1827][2][1083][541][1163][1225][942][165][1246][687][113][433][317][467][73][8][280][195][46][256][115][123][56][256][147][253][213][296][155][282][0][140][303][137][235][131]
