[2188][993][9680][9579][5434][5405][2166][7221][9180][8142][3797][3729][7581][8024][3911][7449][4409][1858][1998][8228][2141][2214][3698][4176][4312]
[1094][496][4840][4789][2717][2702][1083][3610][4590][4071][1898][1864][3790][4012][1955][3724][2204][929][999][4114][1070][1107][1849][2088][2156]
[3666][1451][1523][1133][9133][2037][4714][6254][7873][6380][3829][2352][588][7988][7571][2766][5676][7575][2125][9557][2165][8707][2518][1094][496][4840][4789][2717][2702][1083][3610][4590][4071][1898][1864][3790][4012][1955][3724][2204][929][999][4114][1070][1107][1849][2088][2156]
[1833][725][761][566][4566][1018][2357][3127][3936][3190][1914][1176][294][3994][3785][1383][2838][3787][1062][4778][1082][4353][1259][547][248][2420][2394][1358][1351][541][1805][2295][2035][949][932][1895][2006][977][1862][1102][464][499][2057][535][553][924][1044][1078]
[1717][1145][3923][795][5303][6330][2069][2400][4854][7716][9662][6754][21][2619][5674][7710][4763][9965][9306][8030][8955][5451][7089][2521][5277][9863][4753][6313][4342][1071][3739][7688][4628][9127][9238][583][706][4292][7860][2368][892][3215][6805][7314][1833][725][761][566][4566][1018][2357][3127][3936][3190][1914][1176][294][3994][3785][1383][2838][3787][1062][4778][1082][4353][1259][547][248][2420][2394][1358][1351][541][1805][2295][2035][949][932][1895][2006][977][1862][1102][464][499][2057][535][553][924][1044][1078]
[1145][795][6330][2400][7710][9965][8030][8955][7860][3215][6805][725][3190][3785][2420][1805][2295][2035][1895][535]
[1763][2952][2001][5988][5164][4089][9335][9569][5834][5145][5277][6273][6719][9100][76][8700][581][6060][3319][2840][1581][8458][8145][9156][8085][423][8772][2806][6346][5935][1605][94][4570][7003][9564][5880][7305][9821][5562][4498][5381][65][8147][1925][8099][3834][7592][7762][3230][8180][5124][6355][434][7879][5572][6201][1550][6545][4499][6782][2150][2879][3040][1295][8066][506][6969][1265][3213][4911][1318][8807][1924][4134][210][3966][9986][7828][4634][106][4156][3502][9727][4385][7218][9154][7997][1500][195][8530][8956][5628][7922][2181][4957][5369][3305][5713][5032][1023][1143][5028][5291][7088][3131][5345][2861][6735][4286][3879][1240][213][6433][4163][78][24][5092][4088][6361][8851][4272][259][60][7257][1496][5208][4459][937][6429][4112][9041][3090][995][2380][8855][9821][6702][9181][6555][2898][7091][426]
[9335][5145][9100][8700][6060][2840][8145][8085][5935][1605][4570][5880][7305][65][1925][3230][8180][6355][1550][6545][2150][3040][1295][1265][210][4385][1500][195][8530][3305][5345][6735][1240][60][3090][995][2380][8855][6555]
[7015][463][1585][7286][4176][1285][6377][9223][9335][5145][9100][8700][6060][2840][8145][8085][5935][1605][4570][5880][7305][65][1925][3230][8180][6355][1550][6545][2150][3040][1295][1265][210][4385][1500][195][8530][3305][5345][6735][1240][60][3090][995][2380][8855][6555]
[3507][231][792][3643][2088][642][3188][4611][4667][2572][4550][4350][3030][1420][4072][4042][2967][802][2285][2940][3652][32][962][1615][4090][3177][775][3272][1075][1520][647][632][105][2192][750][97][4265][1652][2672][3367][620][30][1545][497][1190][4427][3277]
[9766][7033][4161][5582][1892][9545][9056][8296][9909][6809][9453][1476][4247][652][5864][7392][5476][5672][933][2538][7173][9282][5391][9688][9808][5632][7556][7496][8474][147][2497][7322][4618][3415][5528][6945][933][143][2553][7825][2016][9153][3737][3017][4791][1696][4958][3391][1863][9311][9621][8452][3912][1304][8711][6989][1017][6555][1145][795][6330][2400][7710][9965][8030][8955][7860][3215][6805][725][3190][3785][2420][1805][2295][2035][1895][535]
[4883][3516][2080][2791][946][4772][4528][4148][4954][3404][4726][738][2123][326][2932][3696][2738][2836][466][1269][3586][4641][2695][4844][4904][2816][3778][3748][4237][73][1248][3661][2309][1707][2764][3472][466][71][1276][3912][1008][4576][1868][1508][2395][848][2479][1695][931][4655][4810][4226][1956][652][4355][3494][508][3277][572][397][3165][1200][3855][4982][4015][4477][3930][1607][3402][362][1595][1892][1210][902][1147][1017][947][267]
[3640][2024][9010][2247][7736][3649][8303][4573][2378][7955][1606][4009][181][2398][2846][2292][7878][5851][9576][7062][3547][9308][6943][8660][2052][6853][3796][3362][1873][3984][3507][231][792][3643][2088][642][3188][4611][4667][2572][4550][4350][3030][1420][4072][4042][2967][802][2285][2940][3652][32][962][1615][4090][3177][775][3272][1075][1520][647][632][105][2192][750][97][4265][1652][2672][3367][620][30][1545][497][1190][4427][3277]
[1820][1012][4505][1123][3868][1824][4151][2286][1189][3977][803][2004][90][1199][1423][1146][3939][2925][4788][3531][1773][4654][3471][4330][1026][3426][1898][1681][936][1992][1753][115][396][1821][1044][321][1594][2305][2333][1286][2275][2175][1515][710][2036][2021][1483][401][1142][1470][1826][16][481][807][2045][1588][387][1636][537][760][323][316][52][1096][375][48][2132][826][1336][1683][310][15][772][248][595][2213][1638]
[4420][3898][1820][1012][4505][1123][3868][1824][4151][2286][1189][3977][803][2004][90][1199][1423][1146][3939][2925][4788][3531][1773][4654][3471][4330][1026][3426][1898][1681][936][1992][1753][115][396][1821][1044][321][1594][2305][2333][1286][2275][2175][1515][710][2036][2021][1483][401][1142][1470][1826][16][481][807][2045][1588][387][1636][537][760][323][316][52][1096][375][48][2132][826][1336][1683][310][15][772][248][595][2213][1638]
[2210][1949][910][506][2252][561][1934][912][2075][1143][594][1988][401][1002][45][599][711][573][1969][1462][2394][1765][886][2327][1735][2165][513][1713][949][840][468][996][876][57][198][910][522][160][797][1152][1166][643][1137][1087][757][355][1018][1010][741][200][571][735][913][8][240][403][1022][794][193][818][268][380][161][158][26][548][187][24][1066][413][668][841][155][7][386][124][297][1106][819]
[2306][5892][3344][9019][6144][3566][6443][5243][4908][8790][8216][6179][6018][7475][7615][387][6393][1086][2654][9506][1678][3258][5342][4732][5955][9341][3607][4335][6147][8200][8649][7140][4963][6108][8034][3147][9181][2269][8788][6230][4882][7227][1956][9288][1541][2380][947][4346][2802][4860][4669][9456][2210][1949][910][506][2252][561][1934][912][2075][1143][594][1988][401][1002][45][599][711][573][1969][1462][2394][1765][886][2327][1735][2165][513][1713][949][840][468][996][876][57][198][910][522][160][797][1152][1166][643][1137][1087][757][355][1018][1010][741][200][571][735][913][8][240][403][1022][794][193][818][268][380][161][158][26][548][187][24][1066][413][668][841][155][7][386][124][297][1106][819]
[8790][7475][7615][5955][4335][8200][7140][6230][2380][4860][2210][910][2075][45][1765][1735][2165][840][910][160][355][1010][200][735][240][380][155]
[2942][8790][7475][7615][5955][4335][8200][7140][6230][2380][4860][2210][910][2075][45][1765][1735][2165][840][910][160][355][1010][200][735][240][380][155]
[1471][4395][3737][3807][2977][2167][4100][3570][3115][1190][2430][1105][455][1037][22][882][867][1082][420][455][80][177][505][100][367][120][190][77]
[5660][5825][6966][3546][5098][2812][1355][5504][9828][2169][9274][6961][3134][889][9362][9684][1797][3689][6665][6345][9580][1558][6916][7383][5478][8627][1458][3991][9735][7830][2187][5066][1615][3445][5564][5341][5823][62][4655][8974][34][630][7103][5726][2375][2332][571][5387][8771][4884][2529][2131][9415][4166][9253][7208][149][5609][9478][6728][345][9560][6212][219][3935][3025][8974][2572][8298][8072][2043][3832][6561][2950][8159][4316][5767][6353][9631][2931][973][4024][640][7079][17][9592][9156][1811][2681][999][8699][5409][1354][2621][4256][2164][2022][2468][1370][690][8121][436][2882][8967][9490][4059][2519][6330][5657][2016][9851][1538][4468][2541][1356][6579][7098][8499][5844][9399][7175][3795][20][4283][756][3977][7295][4135][4883][3516][2080][2791][946][4772][4528][4148][4954][3404][4726][738][2123][326][2932][3696][2738][2836][466][1269][3586][4641][2695][4844][4904][2816][3778][3748][4237][73][1248][3661][2309][1707][2764][3472][466][71][1276][3912][1008][4576][1868][1508][2395][848][2479][1695][931][4655][4810][4226][1956][652][4355][3494][508][3277][572][397][3165][1200][3855][4982][4015][4477][3930][1607][3402][362][1595][1892][1210][902][1147][1017][947][267]
[2830][2912][3483][1773][2549][1406][677][2752][4914][1084][4637][3480][1567][444][4681][4842][898][1844][3332][3172][4790][779][3458][3691][2739][4313][729][1995][4867][3915][1093][2533][807][1722][2782][2670][2911][31][2327][4487][17][315][3551][2863][1187][1166][285][2693][4385][2442][1264][1065][4707][2083][4626][3604][74][2804][4739][3364][172][4780][3106][109][1967][1512][4487][1286][4149][4036][1021][1916][3280][1475][4079][2158][2883][3176][4815][1465][486][2012][320][3539][8][4796][4578][905][1340][499][4349][2704][677][1310][2128][1082][1011][1234][685][345][4060][218][1441][4483][4745][2029][1259][3165][2828][1008][4925][769][2234][1270][678][3289][3549][4249][2922][4699][3587][1897][10][2141][378][1988][3647][2067][2441][1758][1040][1395][473][2386][2264][2074][2477][1702][2363][369][1061][163][1466][1848][1369][1418][233][634][1793][2320][1347][2422][2452][1408][1889][1874][2118][36][624][1830][1154][853][1382][1736][233][35][638][1956][504][2288][934][754][1197][424][1239][847][465][2327][2405][2113][978][326][2177][1747][254][1638][286][198][1582][600][1927][2491][2007][2238][1965][803][1701][181][797][946][605][451][573][508][473][133]
[4191][3389][2095][9839][2580][397][9405][8736][3415][2830][2912][3483][1773][2549][1406][677][2752][4914][1084][4637][3480][1567][444][4681][4842][898][1844][3332][3172][4790][779][3458][3691][2739][4313][729][1995][4867][3915][1093][2533][807][1722][2782][2670][2911][31][2327][4487][17][315][3551][2863][1187][1166][285][2693][4385][2442][1264][1065][4707][2083][4626][3604][74][2804][4739][3364][172][4780][3106][109][1967][1512][4487][1286][4149][4036][1021][1916][3280][1475][4079][2158][2883][3176][4815][1465][486][2012][320][3539][8][4796][4578][905][1340][499][4349][2704][677][1310][2128][1082][1011][1234][685][345][4060][218][1441][4483][4745][2029][1259][3165][2828][1008][4925][769][2234][1270][678][3289][3549][4249][2922][4699][3587][1897][10][2141][378][1988][3647][2067][2441][1758][1040][1395][473][2386][2264][2074][2477][1702][2363][369][1061][163][1466][1848][1369][1418][233][634][1793][2320][1347][2422][2452][1408][1889][1874][2118][36][624][1830][1154][853][1382][1736][233][35][638][1956][504][2288][934][754][1197][424][1239][847][465][2327][2405][2113][978][326][2177][1747][254][1638][286][198][1582][600][1927][2491][2007][2238][1965][803][1701][181][797][946][605][451][573][508][473][133]
[2095][2580][9405][3415][2830][3480][4790][1995][3915][2670][315][285][4385][1065][4780][3280][1475][4815][1465][320][905][1340][1310][685][345][4060][4745][3165][4925][1270][10][1040][1395][2320][1830][35][465][2405][600][1965][605]
[2441][8374][4438][1562][3666][1922][892][8775][8705][6244][803][7855][7352][8094][4804][6221][6848][8708][6135][8445][4162][2095][2580][9405][3415][2830][3480][4790][1995][3915][2670][315][285][4385][1065][4780][3280][1475][4815][1465][320][905][1340][1310][685][345][4060][4745][3165][4925][1270][10][1040][1395][2320][1830][35][465][2405][600][1965][605]
[1220][4187][2219][781][1833][961][446][4387][4352][3122][401][3927][3676][4047][2402][3110][3424][4354][3067][4222][2081][1047][1290][4702][1707][1415][1740][2395][997][1957][1335][157][142][2192][532][2390][1640][737][2407][732][160][452][670][655][342][172][2030][2372][1582][2462][635][5][520][697][1160][915][17][232][1202][300][982][302]
[7738][5702][6111][139][3578][9780][5962][9952][3244][1070][4876][9065][1276][432][497][8581][6768][693][4355][666][7523][7731][123][1379][773][3881][5121][6871][2511][1220][4187][2219][781][1833][961][446][4387][4352][3122][401][3927][3676][4047][2402][3110][3424][4354][3067][4222][2081][1047][1290][4702][1707][1415][1740][2395][997][1957][1335][157][142][2192][532][2390][1640][737][2407][732][160][452][670][655][342][172][2030][2372][1582][2462][635][5][520][697][1160][915][17][232][1202][300][982][302]
[9780][1070][9065][4355][1220][3110][1290][1415][1740][2395][1335][2390][1640][160][670][655][2030][635][5][520][1160][915][300]
[7378][4248][8857][62][510][297][447][4101][5600][7994][3683][1030][2535][1260][4087][6532][2085][4458][2830][6689][7235][9986][9651][760][9982][100][8571][1889][6957][7904][740][2613][589][1959][2449][3812][5348][7981][8886][6419][7334][472][5443][3698][9525][118][8566][1046][4394][2904][4072][4925][7137][3731][3112][1679][2970][4169][3673][4331][3574][3325][1313][5859][2462][7625][6298][1541][7835][3103][2780][5997][4359][6519][8002][9858][2619][9735][6407][7016][6165][7803][7742][5801][7854][4652][1990][7333][3111][9200][8396][1471][4395][3737][3807][2977][2167][4100][3570][3115][1190][2430][1105][455][1037][22][882][867][1082][420][455][80][177][505][100][367][120][190][77]
[510][5600][1030][2535][1260][2085][2830][7235][760][100][740][9525][4925][2970][3325][7625][7835][2780][9735][6165][1990][9200][4395][4100][3570][3115][1190][2430][1105][455][420][455][80][505][100][120][190]
[9497][7565][7063][3884][150][8637][510][5600][1030][2535][1260][2085][2830][7235][760][100][740][9525][4925][2970][3325][7625][7835][2780][9735][6165][1990][9200][4395][4100][3570][3115][1190][2430][1105][455][420][455][80][505][100][120][190]
[7565][150][510][5600][1030][2535][1260][2085][2830][7235][760][100][740][9525][4925][2970][3325][7625][7835][2780][9735][6165][1990][9200][4395][4100][3570][3115][1190][2430][1105][455][420][455][80][505][100][120][190]
[820][6893][1956][1485][3135][5491][899][7531][3067][214][6026][3641][4689][1697][409][8478][6969][8923][6227][882][102][3690][6864][1489][7455][1577][753][1277][1057][8689][5398][7944][7565][150][510][5600][1030][2535][1260][2085][2830][7235][760][100][740][9525][4925][2970][3325][7625][7835][2780][9735][6165][1990][9200][4395][4100][3570][3115][1190][2430][1105][455][420][455][80][505][100][120][190]
[410][3446][978][742][1567][2745][449][3765][1533][107][3013][1820][2344][848][204][4239][3484][4461][3113][441][51][1845][3432][744][3727][788][376][638][528][4344][2699][3972][3782][75][255][2800][515][1267][630][1042][1415][3617][380][50][370][4762][2462][1485][1662][3812][3917][1390][4867][3082][995][4600][2197][2050][1785][1557][595][1215][552][227][210][227][40][252][50][60][95]
[3355][410][3446][978][742][1567][2745][449][3765][1533][107][3013][1820][2344][848][204][4239][3484][4461][3113][441][51][1845][3432][744][3727][788][376][638][528][4344][2699][3972][3782][75][255][2800][515][1267][630][1042][1415][3617][380][50][370][4762][2462][1485][1662][3812][3917][1390][4867][3082][995][4600][2197][2050][1785][1557][595][1215][552][227][210][227][40][252][50][60][95]
[3355][410][2745][3765][1820][1845][75][255][2800][515][630][1415][380][50][370][1485][1390][995][4600][2050][1785][595][1215][210][40][50][60][95]
[3717][6510][3625][5169][6235][1209][2470][191][8462][4549][3574][9879][6852][5132][9314][9932][8822][4331][3442][8903][7565][2061][2664][1661][946][386][6155][7773][1232][3538][1849][7699][3300][5024][1436][4175][793][1907][5958][965][343][4993][3872][5642][6663][1946][7639][465][6157][7157][1859][5837][2902][9780][1070][9065][4355][1220][3110][1290][1415][1740][2395][1335][2390][1640][160][670][655][2030][635][5][520][1160][915][300]
[6510][3625][6235][2470][7565][6155][3300][4175][965][465][9780][1070][9065][4355][1220][3110][1290][1415][1740][2395][1335][2390][1640][160][670][655][2030][635][5][520][1160][915][300]
[6676][2726][5315][6267][1144][1173][1144][6249][7301][3969][2459][1382][4269][8289][2280][2707][5033][1044][6293][418][6436][7345][1036][1961][8646][4374][2989][3111][2089][4783][8875][7701][2043][3190][3205][5332][6510][3625][6235][2470][7565][6155][3300][4175][965][465][9780][1070][9065][4355][1220][3110][1290][1415][1740][2395][1335][2390][1640][160][670][655][2030][635][5][520][1160][915][300]
[5315][2280][7345][8875][3190][3205][6510][3625][6235][2470][7565][6155][3300][4175][965][465][9780][1070][9065][4355][1220][3110][1290][1415][1740][2395][1335][2390][1640][160][670][655][2030][635][5][520][1160][915][300]
[3585][8805][2099][5227][5206][6147][5610][416][2531][168][7317][7322][5008][8598][599][235][8563][9155][5092][8233][5530][1730][7393][2742][3195][2885][7669][34][1497][8340][7531][348][8081][5041][5784][6145][7719][8482][568][1671][9870][427][8251][4660][3875][2986][6159][1367][2419][2872][3770][623][6427][8966][38][6080][1433][6941][1698][5455][8015][3148][3672][8702][6597][8852][3973][8400][7336][5964][8551][4819][4121][4159][5315][2280][7345][8875][3190][3205][6510][3625][6235][2470][7565][6155][3300][4175][965][465][9780][1070][9065][4355][1220][3110][1290][1415][1740][2395][1335][2390][1640][160][670][655][2030][635][5][520][1160][915][300]
[1381][6605][7223][6589][6645][8891][1618][4496][9133][870][2162][7186][7018][5196][4337][6453][4106][5155][3485][9141][3246][3766][3611][295][1343][2121][9631][8448][2441][6889][378][1327][6255][9116][5804][454][8648][5526][3603][3267][6794][8084][5877][9471][6273][355][7987][3478][1108][3319][2644][1510][3352][264][1317][9387][9626][8016][1083][9789][5548][1477][5338][8926][1720][6917][9395][4161][3559][6671][9643][3224][1510][9402][441][2777][1002][2988][6506][2626][2918][5759][8923][3416][6148][6219][520][3060][3577][8709][7956][3232][8193][4277][8436][2030][7963][5306][9037][9507][7156][6356][6196][2138][8764][7875][3727][9943][3402][246][3896][4179][4147][1308][4401][8985][8489][1651][1976][4209][3087][8950][5178][9823][5185][4737][4498][3329][3887][920][3838][8903][2857][8930][7928][3355][410][2745][3765][1820][1845][75][255][2800][515][630][1415][380][50][370][1485][1390][995][4600][2050][1785][595][1215][210][40][50][60][95]
